Archive member included to satisfy reference by file (symbol)

c:/ac6/systemworkbench/plugins/fr.ac6.mcu.externaltools.arm-none.win32_1.13.2.201703061525/tools/compiler/bin/../lib/gcc/arm-none-eabi/5.4.1/../../../../arm-none-eabi/lib/armv7e-m/fpu/fpv5-sp-d16\libc_nano.a(lib_a-exit.o)
                              c:/ac6/systemworkbench/plugins/fr.ac6.mcu.externaltools.arm-none.win32_1.13.2.201703061525/tools/compiler/bin/../lib/gcc/arm-none-eabi/5.4.1/../../../../arm-none-eabi/lib/armv7e-m/fpu/fpv5-sp-d16/crt0.o (exit)
c:/ac6/systemworkbench/plugins/fr.ac6.mcu.externaltools.arm-none.win32_1.13.2.201703061525/tools/compiler/bin/../lib/gcc/arm-none-eabi/5.4.1/../../../../arm-none-eabi/lib/armv7e-m/fpu/fpv5-sp-d16\libc_nano.a(lib_a-impure.o)
                              c:/ac6/systemworkbench/plugins/fr.ac6.mcu.externaltools.arm-none.win32_1.13.2.201703061525/tools/compiler/bin/../lib/gcc/arm-none-eabi/5.4.1/../../../../arm-none-eabi/lib/armv7e-m/fpu/fpv5-sp-d16\libc_nano.a(lib_a-exit.o) (_global_impure_ptr)
c:/ac6/systemworkbench/plugins/fr.ac6.mcu.externaltools.arm-none.win32_1.13.2.201703061525/tools/compiler/bin/../lib/gcc/arm-none-eabi/5.4.1/../../../../arm-none-eabi/lib/armv7e-m/fpu/fpv5-sp-d16\libc_nano.a(lib_a-init.o)
                              c:/ac6/systemworkbench/plugins/fr.ac6.mcu.externaltools.arm-none.win32_1.13.2.201703061525/tools/compiler/bin/../lib/gcc/arm-none-eabi/5.4.1/../../../../arm-none-eabi/lib/armv7e-m/fpu/fpv5-sp-d16/crt0.o (__libc_init_array)
c:/ac6/systemworkbench/plugins/fr.ac6.mcu.externaltools.arm-none.win32_1.13.2.201703061525/tools/compiler/bin/../lib/gcc/arm-none-eabi/5.4.1/../../../../arm-none-eabi/lib/armv7e-m/fpu/fpv5-sp-d16\libc_nano.a(lib_a-malloc.o)
                              Middlewares/ST/STM32_USB_Host_Library/Class/CDC/Src/usbh_cdc.o (malloc)
c:/ac6/systemworkbench/plugins/fr.ac6.mcu.externaltools.arm-none.win32_1.13.2.201703061525/tools/compiler/bin/../lib/gcc/arm-none-eabi/5.4.1/../../../../arm-none-eabi/lib/armv7e-m/fpu/fpv5-sp-d16\libc_nano.a(lib_a-memset.o)
                              c:/ac6/systemworkbench/plugins/fr.ac6.mcu.externaltools.arm-none.win32_1.13.2.201703061525/tools/compiler/bin/../lib/gcc/arm-none-eabi/5.4.1/../../../../arm-none-eabi/lib/armv7e-m/fpu/fpv5-sp-d16/crt0.o (memset)
c:/ac6/systemworkbench/plugins/fr.ac6.mcu.externaltools.arm-none.win32_1.13.2.201703061525/tools/compiler/bin/../lib/gcc/arm-none-eabi/5.4.1/../../../../arm-none-eabi/lib/armv7e-m/fpu/fpv5-sp-d16\libc_nano.a(lib_a-nano-freer.o)
                              c:/ac6/systemworkbench/plugins/fr.ac6.mcu.externaltools.arm-none.win32_1.13.2.201703061525/tools/compiler/bin/../lib/gcc/arm-none-eabi/5.4.1/../../../../arm-none-eabi/lib/armv7e-m/fpu/fpv5-sp-d16\libc_nano.a(lib_a-malloc.o) (_free_r)
c:/ac6/systemworkbench/plugins/fr.ac6.mcu.externaltools.arm-none.win32_1.13.2.201703061525/tools/compiler/bin/../lib/gcc/arm-none-eabi/5.4.1/../../../../arm-none-eabi/lib/armv7e-m/fpu/fpv5-sp-d16\libc_nano.a(lib_a-nano-mallocr.o)
                              c:/ac6/systemworkbench/plugins/fr.ac6.mcu.externaltools.arm-none.win32_1.13.2.201703061525/tools/compiler/bin/../lib/gcc/arm-none-eabi/5.4.1/../../../../arm-none-eabi/lib/armv7e-m/fpu/fpv5-sp-d16\libc_nano.a(lib_a-malloc.o) (_malloc_r)
c:/ac6/systemworkbench/plugins/fr.ac6.mcu.externaltools.arm-none.win32_1.13.2.201703061525/tools/compiler/bin/../lib/gcc/arm-none-eabi/5.4.1/../../../../arm-none-eabi/lib/armv7e-m/fpu/fpv5-sp-d16\libc_nano.a(lib_a-sbrkr.o)
                              c:/ac6/systemworkbench/plugins/fr.ac6.mcu.externaltools.arm-none.win32_1.13.2.201703061525/tools/compiler/bin/../lib/gcc/arm-none-eabi/5.4.1/../../../../arm-none-eabi/lib/armv7e-m/fpu/fpv5-sp-d16\libc_nano.a(lib_a-nano-mallocr.o) (_sbrk_r)
c:/ac6/systemworkbench/plugins/fr.ac6.mcu.externaltools.arm-none.win32_1.13.2.201703061525/tools/compiler/bin/../lib/gcc/arm-none-eabi/5.4.1/../../../../arm-none-eabi/lib/armv7e-m/fpu/fpv5-sp-d16\libc_nano.a(lib_a-mlock.o)
                              c:/ac6/systemworkbench/plugins/fr.ac6.mcu.externaltools.arm-none.win32_1.13.2.201703061525/tools/compiler/bin/../lib/gcc/arm-none-eabi/5.4.1/../../../../arm-none-eabi/lib/armv7e-m/fpu/fpv5-sp-d16\libc_nano.a(lib_a-nano-freer.o) (__malloc_lock)
c:/ac6/systemworkbench/plugins/fr.ac6.mcu.externaltools.arm-none.win32_1.13.2.201703061525/tools/compiler/bin/../lib/gcc/arm-none-eabi/5.4.1/../../../../arm-none-eabi/lib/armv7e-m/fpu/fpv5-sp-d16\libc_nano.a(lib_a-reent.o)
                              c:/ac6/systemworkbench/plugins/fr.ac6.mcu.externaltools.arm-none.win32_1.13.2.201703061525/tools/compiler/bin/../lib/gcc/arm-none-eabi/5.4.1/../../../../arm-none-eabi/lib/armv7e-m/fpu/fpv5-sp-d16\libc_nano.a(lib_a-sbrkr.o) (errno)
c:/ac6/systemworkbench/plugins/fr.ac6.mcu.externaltools.arm-none.win32_1.13.2.201703061525/tools/compiler/bin/../lib/gcc/arm-none-eabi/5.4.1/../../../../arm-none-eabi/lib/armv7e-m/fpu/fpv5-sp-d16\libnosys.a(sbrk.o)
[...]
Memory Configuration

Name             Origin             Length             Attributes
RAM              0x20000000         0x00050000         xrw
FLASH            0x08000000         0x00100000         xr
*default*        0x00000000         0xffffffff

Linker script and memory map

LOAD c:/ac6/systemworkbench/plugins/fr.ac6.mcu.externaltools.arm-none.win32_1.13.2.201703061525/tools/compiler/bin/../lib/gcc/arm-none-eabi/5.4.1/armv7e-m/fpu/fpv5-sp-d16/crti.o
LOAD c:/ac6/systemworkbench/plugins/fr.ac6.mcu.externaltools.arm-none.win32_1.13.2.201703061525/tools/compiler/bin/../lib/gcc/arm-none-eabi/5.4.1/armv7e-m/fpu/fpv5-sp-d16/crtbegin.o
LOAD c:/ac6/systemworkbench/plugins/fr.ac6.mcu.externaltools.arm-none.win32_1.13.2.201703061525/tools/compiler/bin/../lib/gcc/arm-none-eabi/5.4.1/../../../../arm-none-eabi/lib/armv7e-m/fpu/fpv5-sp-d16/crt0.o
LOAD c:/ac6/systemworkbench/plugins/fr.ac6.mcu.externaltools.arm-none.win32_1.13.2.201703061525/tools/compiler/bin/../lib/gcc/arm-none-eabi/5.4.1/../../../../arm-none-eabi/lib/armv7e-m/fpu/fpv5-sp-d16\libm.a
LOAD Drivers/STM32F7xx_HAL_Driver/Src/stm32f7xx_hal.o
LOAD Drivers/STM32F7xx_HAL_Driver/Src/stm32f7xx_hal_cortex.o
LOAD Drivers/STM32F7xx_HAL_Driver/Src/stm32f7xx_hal_dma.o
LOAD Drivers/STM32F7xx_HAL_Driver/Src/stm32f7xx_hal_dma_ex.o
LOAD Drivers/STM32F7xx_HAL_Driver/Src/stm32f7xx_hal_flash.o
LOAD Drivers/STM32F7xx_HAL_Driver/Src/stm32f7xx_hal_flash_ex.o
LOAD Drivers/STM32F7xx_HAL_Driver/Src/stm32f7xx_hal_gpio.o
LOAD Drivers/STM32F7xx_HAL_Driver/Src/stm32f7xx_hal_hcd.o
LOAD Drivers/STM32F7xx_HAL_Driver/Src/stm32f7xx_hal_i2c.o
LOAD Drivers/STM32F7xx_HAL_Driver/Src/stm32f7xx_hal_i2c_ex.o
LOAD Drivers/STM32F7xx_HAL_Driver/Src/stm32f7xx_hal_pwr.o
LOAD Drivers/STM32F7xx_HAL_Driver/Src/stm32f7xx_hal_pwr_ex.o
LOAD Drivers/STM32F7xx_HAL_Driver/Src/stm32f7xx_hal_rcc.o
LOAD Drivers/STM32F7xx_HAL_Driver/Src/stm32f7xx_hal_rcc_ex.o
LOAD Drivers/STM32F7xx_HAL_Driver/Src/stm32f7xx_hal_tim.o
LOAD Drivers/STM32F7xx_HAL_Driver/Src/stm32f7xx_hal_tim_ex.o
LOAD Drivers/STM32F7xx_HAL_Driver/Src/stm32f7xx_ll_usb.o
LOAD Middlewares/ST/STM32_USB_Host_Library/Class/CDC/Src/usbh_cdc.o
LOAD Middlewares/ST/STM32_USB_Host_Library/Core/Src/usbh_core.o
LOAD Middlewares/ST/STM32_USB_Host_Library/Core/Src/usbh_ctlreq.o
LOAD Middlewares/ST/STM32_USB_Host_Library/Core/Src/usbh_ioreq.o
LOAD Middlewares/ST/STM32_USB_Host_Library/Core/Src/usbh_pipes.o
LOAD Src/main.o
LOAD Src/stm32f7xx_hal_msp.o
LOAD Src/stm32f7xx_it.o
LOAD Src/system_stm32f7xx.o
LOAD Src/usb_host.o
LOAD Src/usbh_conf.o
LOAD startup/startup_stm32f746xx.o
START GROUP
LOAD c:/ac6/systemworkbench/plugins/fr.ac6.mcu.externaltools.arm-none.win32_1.13.2.201703061525/tools/compiler/bin/../lib/gcc/arm-none-eabi/5.4.1/armv7e-m/fpu/fpv5-sp-d16\libgcc.a
LOAD c:/ac6/systemworkbench/plugins/fr.ac6.mcu.externaltools.arm-none.win32_1.13.2.201703061525/tools/compiler/bin/../lib/gcc/arm-none-eabi/5.4.1/../../../../arm-none-eabi/lib/armv7e-m/fpu/fpv5-sp-d16\libc_nano.a
END GROUP
START GROUP
LOAD c:/ac6/systemworkbench/plugins/fr.ac6.mcu.externaltools.arm-none.win32_1.13.2.201703061525/tools/compiler/bin/../lib/gcc/arm-none-eabi/5.4.1/armv7e-m/fpu/fpv5-sp-d16\libgcc.a
LOAD c:/ac6/systemworkbench/plugins/fr.ac6.mcu.externaltools.arm-none.win32_1.13.2.201703061525/tools/compiler/bin/../lib/gcc/arm-none-eabi/5.4.1/../../../../arm-none-eabi/lib/armv7e-m/fpu/fpv5-sp-d16\libc_nano.a
LOAD c:/ac6/systemworkbench/plugins/fr.ac6.mcu.externaltools.arm-none.win32_1.13.2.201703061525/tools/compiler/bin/../lib/gcc/arm-none-eabi/5.4.1/../../../../arm-none-eabi/lib/armv7e-m/fpu/fpv5-sp-d16\libnosys.a
END GROUP
START GROUP
LOAD c:/ac6/systemworkbench/plugins/fr.ac6.mcu.externaltools.arm-none.win32_1.13.2.201703061525/tools/compiler/bin/../lib/gcc/arm-none-eabi/5.4.1/armv7e-m/fpu/fpv5-sp-d16\libgcc.a
LOAD c:/ac6/systemworkbench/plugins/fr.ac6.mcu.externaltools.arm-none.win32_1.13.2.201703061525/tools/compiler/bin/../lib/gcc/arm-none-eabi/5.4.1/../../../../arm-none-eabi/lib/armv7e-m/fpu/fpv5-sp-d16\libc_nano.a
LOAD c:/ac6/systemworkbench/plugins/fr.ac6.mcu.externaltools.arm-none.win32_1.13.2.201703061525/tools/compiler/bin/../lib/gcc/arm-none-eabi/5.4.1/../../../../arm-none-eabi/lib/armv7e-m/fpu/fpv5-sp-d16\libnosys.a
END GROUP
LOAD c:/ac6/systemworkbench/plugins/fr.ac6.mcu.externaltools.arm-none.win32_1.13.2.201703061525/tools/compiler/bin/../lib/gcc/arm-none-eabi/5.4.1/armv7e-m/fpu/fpv5-sp-d16/crtend.o
LOAD c:/ac6/systemworkbench/plugins/fr.ac6.mcu.externaltools.arm-none.win32_1.13.2.201703061525/tools/compiler/bin/../lib/gcc/arm-none-eabi/5.4.1/armv7e-m/fpu/fpv5-sp-d16/crtn.o
                0x20050000                _estack = 0x20050000
                0x00000200                _Min_Heap_Size = 0x200
                0x00000400                _Min_Stack_Size = 0x400

.isr_vector     0x08000000      0x1c8
                0x08000000                . = ALIGN (0x4)
 *(.isr_vector)
 .isr_vector    0x08000000      0x1c8 startup/startup_stm32f746xx.o
                0x08000000                g_pfnVectors
                0x080001c8                . = ALIGN (0x4)

.text           0x080001c8     0x3c5c
                0x080001c8                . = ALIGN (0x4)
 *(.text)
 .text          0x080001c8       0x5c c:/ac6/systemworkbench/plugins/fr.ac6.mcu.externaltools.arm-none.win32_1.13.2.201703061525/tools/compiler/bin/../lib/gcc/arm-none-eabi/5.4.1/armv7e-m/fpu/fpv5-sp-d16/crtbegin.o
 *(.text*)
 .text.HAL_InitTick
                0x08000224       0x2c Drivers/STM32F7xx_HAL_Driver/Src/stm32f7xx_hal.o
                0x08000224                HAL_InitTick
 .text.HAL_Init
                0x08000250       0x18 Drivers/STM32F7xx_HAL_Driver/Src/stm32f7xx_hal.o
                0x08000250                HAL_Init
 .text.HAL_IncTick
                0x08000268       0x10 Drivers/STM32F7xx_HAL_Driver/Src/stm32f7xx_hal.o
                0x08000268                HAL_IncTick
 .text.HAL_GetTick
                0x08000278        0xc Drivers/STM32F7xx_HAL_Driver/Src/stm32f7xx_hal.o
                0x08000278                HAL_GetTick
 .text.HAL_Delay
                0x08000284       0x1c Drivers/STM32F7xx_HAL_Driver/Src/stm32f7xx_hal.o
                0x08000284                HAL_Delay
 .text.HAL_NVIC_SetPriorityGrouping
                0x080002a0       0x24 Drivers/STM32F7xx_HAL_Driver/Src/stm32f7xx_hal_cortex.o
                0x080002a0                HAL_NVIC_SetPriorityGrouping
 .text.HAL_NVIC_SetPriority
                0x080002c4       0x60 Drivers/STM32F7xx_HAL_Driver/Src/stm32f7xx_hal_cortex.o
                0x080002c4                HAL_NVIC_SetPriority
 .text.HAL_NVIC_EnableIRQ
                0x08000324       0x18 Drivers/STM32F7xx_HAL_Driver/Src/stm32f7xx_hal_cortex.o
                0x08000324                HAL_NVIC_EnableIRQ
 .text.HAL_SYSTICK_Config
                0x0800033c       0x2c Drivers/STM32F7xx_HAL_Driver/Src/stm32f7xx_hal_cortex.o
                0x0800033c                HAL_SYSTICK_Config
 .text.HAL_SYSTICK_CLKSourceConfig
                0x08000368       0x20 Drivers/STM32F7xx_HAL_Driver/Src/stm32f7xx_hal_cortex.o
                0x08000368                HAL_SYSTICK_CLKSourceConfig
 .text.HAL_SYSTICK_Callback
                0x08000388        0x4 Drivers/STM32F7xx_HAL_Driver/Src/stm32f7xx_hal_cortex.o
                0x08000388                HAL_SYSTICK_Callback
 .text.HAL_SYSTICK_IRQHandler
                0x0800038c        0x8 Drivers/STM32F7xx_HAL_Driver/Src/stm32f7xx_hal_cortex.o
                0x0800038c                HAL_SYSTICK_IRQHandler
 .text.HAL_GPIO_Init
                0x08000394      0x1d4 Drivers/STM32F7xx_HAL_Driver/Src/stm32f7xx_hal_gpio.o
                0x08000394                HAL_GPIO_Init
 .text.HAL_GPIO_WritePin
                0x08000568        0xc Drivers/STM32F7xx_HAL_Driver/Src/stm32f7xx_hal_gpio.o
                0x08000568                HAL_GPIO_WritePin
 .text.HCD_RXQLVL_IRQHandler
                0x08000574       0x7c Drivers/STM32F7xx_HAL_Driver/Src/stm32f7xx_hal_hcd.o
 .text.HAL_HCD_HC_Init
                0x080005f0       0x74 Drivers/STM32F7xx_HAL_Driver/Src/stm32f7xx_hal_hcd.o
                0x080005f0                HAL_HCD_HC_Init
 .text.HAL_HCD_HC_Halt
                0x08000664       0x24 Drivers/STM32F7xx_HAL_Driver/Src/stm32f7xx_hal_hcd.o
                0x08000664                HAL_HCD_HC_Halt
 .text.HAL_HCD_Init
                0x08000688       0x7c Drivers/STM32F7xx_HAL_Driver/Src/stm32f7xx_hal_hcd.o
                0x08000688                HAL_HCD_Init
 .text.HAL_HCD_HC_SubmitRequest
                0x08000704      0x1c8 Drivers/STM32F7xx_HAL_Driver/Src/stm32f7xx_hal_hcd.o
                0x08000704                HAL_HCD_HC_SubmitRequest
 .text.HCD_Port_IRQHandler
                0x080008cc       0xc4 Drivers/STM32F7xx_HAL_Driver/Src/stm32f7xx_hal_hcd.o
 .text.HCD_HC_IN_IRQHandler
                0x08000990      0x280 Drivers/STM32F7xx_HAL_Driver/Src/stm32f7xx_hal_hcd.o
 .text.HCD_HC_OUT_IRQHandler
                0x08000c10      0x2a0 Drivers/STM32F7xx_HAL_Driver/Src/stm32f7xx_hal_hcd.o
 .text.HAL_HCD_IRQHandler
                0x08000eb0      0x13c Drivers/STM32F7xx_HAL_Driver/Src/stm32f7xx_hal_hcd.o
                0x08000eb0                HAL_HCD_IRQHandler
 .text.HAL_HCD_Start
                0x08000fec       0x2c Drivers/STM32F7xx_HAL_Driver/Src/stm32f7xx_hal_hcd.o
                0x08000fec                HAL_HCD_Start
 .text.HAL_HCD_Stop
                0x08001018       0x24 Drivers/STM32F7xx_HAL_Driver/Src/stm32f7xx_hal_hcd.o
                0x08001018                HAL_HCD_Stop
 .text.HAL_HCD_ResetPort
                0x0800103c        0xc Drivers/STM32F7xx_HAL_Driver/Src/stm32f7xx_hal_hcd.o
                0x0800103c                HAL_HCD_ResetPort
 .text.HAL_HCD_HC_GetURBState
                0x08001048       0x10 Drivers/STM32F7xx_HAL_Driver/Src/stm32f7xx_hal_hcd.o
                0x08001048                HAL_HCD_HC_GetURBState
 .text.HAL_HCD_HC_GetXferCount
                0x08001058        0xc Drivers/STM32F7xx_HAL_Driver/Src/stm32f7xx_hal_hcd.o
                0x08001058                HAL_HCD_HC_GetXferCount
 .text.HAL_HCD_GetCurrentFrame
                0x08001064        0xc Drivers/STM32F7xx_HAL_Driver/Src/stm32f7xx_hal_hcd.o
                0x08001064                HAL_HCD_GetCurrentFrame
 .text.HAL_HCD_GetCurrentSpeed
                0x08001070        0xc Drivers/STM32F7xx_HAL_Driver/Src/stm32f7xx_hal_hcd.o
                0x08001070                HAL_HCD_GetCurrentSpeed
 .text.HAL_RCC_OscConfig
                0x0800107c      0x430 Drivers/STM32F7xx_HAL_Driver/Src/stm32f7xx_hal_rcc.o
                0x0800107c                HAL_RCC_OscConfig
 .text.HAL_RCC_GetSysClockFreq
                0x080014ac       0xa4 Drivers/STM32F7xx_HAL_Driver/Src/stm32f7xx_hal_rcc.o
                0x080014ac                HAL_RCC_GetSysClockFreq
 .text.HAL_RCC_ClockConfig
                0x08001550      0x194 Drivers/STM32F7xx_HAL_Driver/Src/stm32f7xx_hal_rcc.o
                0x08001550                HAL_RCC_ClockConfig
 .text.HAL_RCC_GetHCLKFreq
                0x080016e4        0xc Drivers/STM32F7xx_HAL_Driver/Src/stm32f7xx_hal_rcc.o
                0x080016e4                HAL_RCC_GetHCLKFreq
 .text.HAL_RCCEx_PeriphCLKConfig
                0x080016f0      0x7cc Drivers/STM32F7xx_HAL_Driver/Src/stm32f7xx_hal_rcc_ex.o
                0x080016f0                HAL_RCCEx_PeriphCLKConfig
 .text.USB_CoreReset
                0x08001ebc       0x3c Drivers/STM32F7xx_HAL_Driver/Src/stm32f7xx_ll_usb.o
 .text.USB_CoreInit
                0x08001ef8       0x78 Drivers/STM32F7xx_HAL_Driver/Src/stm32f7xx_ll_usb.o
                0x08001ef8                USB_CoreInit
 .text.USB_EnableGlobalInt
                0x08001f70        0xc Drivers/STM32F7xx_HAL_Driver/Src/stm32f7xx_ll_usb.o
                0x08001f70                USB_EnableGlobalInt
 .text.USB_DisableGlobalInt
                0x08001f7c        0xc Drivers/STM32F7xx_HAL_Driver/Src/stm32f7xx_ll_usb.o
                0x08001f7c                USB_DisableGlobalInt
 .text.USB_SetCurrentMode
                0x08001f88       0x2c Drivers/STM32F7xx_HAL_Driver/Src/stm32f7xx_ll_usb.o
                0x08001f88                USB_SetCurrentMode
 .text.USB_FlushTxFifo
                0x08001fb4       0x28 Drivers/STM32F7xx_HAL_Driver/Src/stm32f7xx_ll_usb.o
                0x08001fb4                USB_FlushTxFifo
 .text.USB_FlushRxFifo
                0x08001fdc       0x24 Drivers/STM32F7xx_HAL_Driver/Src/stm32f7xx_ll_usb.o
                0x08001fdc                USB_FlushRxFifo
 .text.USB_WritePacket
                0x08002000       0x2c Drivers/STM32F7xx_HAL_Driver/Src/stm32f7xx_ll_usb.o
                0x08002000                USB_WritePacket
 .text.USB_ReadPacket
                0x0800202c       0x24 Drivers/STM32F7xx_HAL_Driver/Src/stm32f7xx_ll_usb.o
                0x0800202c                USB_ReadPacket
 .text.USB_ReadInterrupts
                0x08002050        0x8 Drivers/STM32F7xx_HAL_Driver/Src/stm32f7xx_ll_usb.o
                0x08002050                USB_ReadInterrupts
 .text.USB_GetMode
                0x08002058        0x8 Drivers/STM32F7xx_HAL_Driver/Src/stm32f7xx_ll_usb.o
                0x08002058                USB_GetMode
 .text.USB_InitFSLSPClkSel
                0x08002060       0x40 Drivers/STM32F7xx_HAL_Driver/Src/stm32f7xx_ll_usb.o
                0x08002060                USB_InitFSLSPClkSel
 .text.USB_ResetPort
                0x080020a0       0x3c Drivers/STM32F7xx_HAL_Driver/Src/stm32f7xx_ll_usb.o
                0x080020a0                USB_ResetPort
 .text.USB_DriveVbus
                0x080020dc       0x40 Drivers/STM32F7xx_HAL_Driver/Src/stm32f7xx_ll_usb.o
                0x080020dc                USB_DriveVbus
 .text.USB_HostInit
                0x0800211c       0xdc Drivers/STM32F7xx_HAL_Driver/Src/stm32f7xx_ll_usb.o
                0x0800211c                USB_HostInit
 .text.USB_GetHostSpeed
                0x080021f8       0x14 Drivers/STM32F7xx_HAL_Driver/Src/stm32f7xx_ll_usb.o
                0x080021f8                USB_GetHostSpeed
 .text.USB_GetCurrentFrame
                0x0800220c        0xc Drivers/STM32F7xx_HAL_Driver/Src/stm32f7xx_ll_usb.o
                0x0800220c                USB_GetCurrentFrame
 .text.USB_HC_Init
                0x08002218       0xe8 Drivers/STM32F7xx_HAL_Driver/Src/stm32f7xx_ll_usb.o
                0x08002218                USB_HC_Init
 .text.USB_HC_ReadInterrupt
                0x08002300        0xc Drivers/STM32F7xx_HAL_Driver/Src/stm32f7xx_ll_usb.o
                0x08002300                USB_HC_ReadInterrupt
 .text.USB_HC_Halt
                0x0800230c       0xd4 Drivers/STM32F7xx_HAL_Driver/Src/stm32f7xx_ll_usb.o
                0x0800230c                USB_HC_Halt
 .text.USB_DoPing
                0x080023e0       0x24 Drivers/STM32F7xx_HAL_Driver/Src/stm32f7xx_ll_usb.o
                0x080023e0                USB_DoPing
 .text.USB_HC_StartXfer
                0x08002404      0x154 Drivers/STM32F7xx_HAL_Driver/Src/stm32f7xx_ll_usb.o
                0x08002404                USB_HC_StartXfer
 .text.USB_StopHost
                0x08002558       0x80 Drivers/STM32F7xx_HAL_Driver/Src/stm32f7xx_ll_usb.o
                0x08002558                USB_StopHost
 .text.USBH_CDC_SOFProcess
                0x080025d8        0x4 Middlewares/ST/STM32_USB_Host_Library/Class/CDC/Src/usbh_cdc.o
 .text.SetLineCoding
                0x080025dc       0x1c Middlewares/ST/STM32_USB_Host_Library/Class/CDC/Src/usbh_cdc.o
 .text.GetLineCoding
                0x080025f8       0x1c Middlewares/ST/STM32_USB_Host_Library/Class/CDC/Src/usbh_cdc.o
 .text.USBH_CDC_ClassRequest
                0x08002614       0x24 Middlewares/ST/STM32_USB_Host_Library/Class/CDC/Src/usbh_cdc.o
 .text.USBH_CDC_InterfaceDeInit
                0x08002638       0x64 Middlewares/ST/STM32_USB_Host_Library/Class/CDC/Src/usbh_cdc.o
 .text.USBH_CDC_InterfaceInit
                0x0800269c      0x160 Middlewares/ST/STM32_USB_Host_Library/Class/CDC/Src/usbh_cdc.o
 .text.USBH_CDC_Stop
                0x080027fc       0x34 Middlewares/ST/STM32_USB_Host_Library/Class/CDC/Src/usbh_cdc.o
                0x080027fc                USBH_CDC_Stop
 .text.USBH_CDC_Transmit
                0x08002830       0x2c Middlewares/ST/STM32_USB_Host_Library/Class/CDC/Src/usbh_cdc.o
                0x08002830                USBH_CDC_Transmit
 .text.USBH_CDC_TransmitCallback
                0x0800285c        0x4 Middlewares/ST/STM32_USB_Host_Library/Class/CDC/Src/usbh_cdc.o
                0x0800285c                USBH_CDC_TransmitCallback
 .text.CDC_ProcessTransmission
                0x08002860       0x94 Middlewares/ST/STM32_USB_Host_Library/Class/CDC/Src/usbh_cdc.o
 .text.USBH_CDC_ReceiveCallback
                0x080028f4        0x4 Middlewares/ST/STM32_USB_Host_Library/Class/CDC/Src/usbh_cdc.o
                0x080028f4                USBH_CDC_ReceiveCallback
 .text.CDC_ProcessReception
                0x080028f8       0x6c Middlewares/ST/STM32_USB_Host_Library/Class/CDC/Src/usbh_cdc.o
 .text.USBH_CDC_LineCodingChanged
                0x08002964        0x4 Middlewares/ST/STM32_USB_Host_Library/Class/CDC/Src/usbh_cdc.o
                0x08002964                USBH_CDC_LineCodingChanged
 .text.USBH_CDC_Process
                0x08002968       0xbc Middlewares/ST/STM32_USB_Host_Library/Class/CDC/Src/usbh_cdc.o
 .text.DeInitStateMachine
                0x08002a24       0x4c Middlewares/ST/STM32_USB_Host_Library/Core/Src/usbh_core.o
 .text.USBH_HandleSof
                0x08002a70       0x18 Middlewares/ST/STM32_USB_Host_Library/Core/Src/usbh_core.o
 .text.USBH_HandleEnum
                0x08002a88      0x174 Middlewares/ST/STM32_USB_Host_Library/Core/Src/usbh_core.o
 .text.USBH_Init
                0x08002bfc       0x30 Middlewares/ST/STM32_USB_Host_Library/Core/Src/usbh_core.o
                0x08002bfc                USBH_Init
 .text.USBH_RegisterClass
                0x08002c2c       0x24 Middlewares/ST/STM32_USB_Host_Library/Core/Src/usbh_core.o
                0x08002c2c                USBH_RegisterClass
 .text.USBH_SelectInterface
                0x08002c50       0x14 Middlewares/ST/STM32_USB_Host_Library/Core/Src/usbh_core.o
                0x08002c50                USBH_SelectInterface
 .text.USBH_FindInterface
                0x08002c64       0x50 Middlewares/ST/STM32_USB_Host_Library/Core/Src/usbh_core.o
                0x08002c64                USBH_FindInterface
 .text.USBH_Start
                0x08002cb4       0x14 Middlewares/ST/STM32_USB_Host_Library/Core/Src/usbh_core.o
                0x08002cb4                USBH_Start
 .text.USBH_Process
                0x08002cc8      0x198 Middlewares/ST/STM32_USB_Host_Library/Core/Src/usbh_core.o
                0x08002cc8                USBH_Process
 .text.USBH_LL_SetTimer
                0x08002e60        0x8 Middlewares/ST/STM32_USB_Host_Library/Core/Src/usbh_core.o
                0x08002e60                USBH_LL_SetTimer
 .text.USBH_LL_IncTimer
                0x08002e68       0x14 Middlewares/ST/STM32_USB_Host_Library/Core/Src/usbh_core.o
                0x08002e68                USBH_LL_IncTimer
 .text.USBH_LL_Connect
                0x08002e7c       0x2c Middlewares/ST/STM32_USB_Host_Library/Core/Src/usbh_core.o
                0x08002e7c                USBH_LL_Connect
 .text.USBH_LL_Disconnect
                0x08002ea8       0x38 Middlewares/ST/STM32_USB_Host_Library/Core/Src/usbh_core.o
                0x08002ea8                USBH_LL_Disconnect
 .text.USBH_ParseDevDesc
                0x08002ee0       0x5c Middlewares/ST/STM32_USB_Host_Library/Core/Src/usbh_ctlreq.o
 .text.USBH_ParseInterfaceDesc
                0x08002f3c       0x28 Middlewares/ST/STM32_USB_Host_Library/Core/Src/usbh_ctlreq.o
 .text.USBH_ParseEPDesc
                0x08002f64       0x20 Middlewares/ST/STM32_USB_Host_Library/Core/Src/usbh_ctlreq.o
 .text.USBH_ParseStringDesc
                0x08002f84       0x34 Middlewares/ST/STM32_USB_Host_Library/Core/Src/usbh_ctlreq.o
 .text.USBH_HandleControl
                0x08002fb8      0x1cc Middlewares/ST/STM32_USB_Host_Library/Core/Src/usbh_ctlreq.o
 .text.USBH_GetNextDesc
                0x08003184       0x10 Middlewares/ST/STM32_USB_Host_Library/Core/Src/usbh_ctlreq.o
                0x08003184                USBH_GetNextDesc
 .text.USBH_ParseCfgDesc
                0x08003194       0xc8 Middlewares/ST/STM32_USB_Host_Library/Core/Src/usbh_ctlreq.o
 .text.USBH_CtlReq
                0x0800325c       0x44 Middlewares/ST/STM32_USB_Host_Library/Core/Src/usbh_ctlreq.o
                0x0800325c                USBH_CtlReq
 .text.USBH_GetDescriptor
                0x080032a0       0x3c Middlewares/ST/STM32_USB_Host_Library/Core/Src/usbh_ctlreq.o
                0x080032a0                USBH_GetDescriptor
 .text.USBH_Get_DevDesc
                0x080032dc       0x30 Middlewares/ST/STM32_USB_Host_Library/Core/Src/usbh_ctlreq.o
                0x080032dc                USBH_Get_DevDesc
 .text.USBH_Get_CfgDesc
                0x0800330c       0x30 Middlewares/ST/STM32_USB_Host_Library/Core/Src/usbh_ctlreq.o
                0x0800330c                USBH_Get_CfgDesc
 .text.USBH_Get_StringDesc
                0x0800333c       0x30 Middlewares/ST/STM32_USB_Host_Library/Core/Src/usbh_ctlreq.o
                0x0800333c                USBH_Get_StringDesc
 .text.USBH_SetAddress
                0x0800336c       0x20 Middlewares/ST/STM32_USB_Host_Library/Core/Src/usbh_ctlreq.o
                0x0800336c                USBH_SetAddress
 .text.USBH_SetCfg
                0x0800338c       0x20 Middlewares/ST/STM32_USB_Host_Library/Core/Src/usbh_ctlreq.o
                0x0800338c                USBH_SetCfg
 .text.USBH_ClrFeature
                0x080033ac       0x24 Middlewares/ST/STM32_USB_Host_Library/Core/Src/usbh_ctlreq.o
                0x080033ac                USBH_ClrFeature
 .text.USBH_CtlSendSetup
                0x080033d0       0x24 Middlewares/ST/STM32_USB_Host_Library/Core/Src/usbh_ioreq.o
                0x080033d0                USBH_CtlSendSetup
 .text.USBH_CtlSendData
                0x080033f4       0x2c Middlewares/ST/STM32_USB_Host_Library/Core/Src/usbh_ioreq.o
                0x080033f4                USBH_CtlSendData
 .text.USBH_CtlReceiveData
                0x08003420       0x20 Middlewares/ST/STM32_USB_Host_Library/Core/Src/usbh_ioreq.o
                0x08003420                USBH_CtlReceiveData
 .text.USBH_BulkSendData
                0x08003440       0x2c Middlewares/ST/STM32_USB_Host_Library/Core/Src/usbh_ioreq.o
                0x08003440                USBH_BulkSendData
 .text.USBH_BulkReceiveData
                0x0800346c       0x20 Middlewares/ST/STM32_USB_Host_Library/Core/Src/usbh_ioreq.o
                0x0800346c                USBH_BulkReceiveData
 .text.USBH_GetFreePipe
                0x0800348c       0x28 Middlewares/ST/STM32_USB_Host_Library/Core/Src/usbh_pipes.o
 .text.USBH_OpenPipe
                0x080034b4       0x20 Middlewares/ST/STM32_USB_Host_Library/Core/Src/usbh_pipes.o
                0x080034b4                USBH_OpenPipe
 .text.USBH_ClosePipe
                0x080034d4        0xc Middlewares/ST/STM32_USB_Host_Library/Core/Src/usbh_pipes.o
                0x080034d4                USBH_ClosePipe
 .text.USBH_AllocPipe
                0x080034e0       0x24 Middlewares/ST/STM32_USB_Host_Library/Core/Src/usbh_pipes.o
                0x080034e0                USBH_AllocPipe
 .text.USBH_FreePipe
                0x08003504       0x18 Middlewares/ST/STM32_USB_Host_Library/Core/Src/usbh_pipes.o
                0x08003504                USBH_FreePipe
 .text.MX_GPIO_Init
                0x0800351c      0x188 Src/main.o
 .text.Error_Handler
                0x080036a4        0x4 Src/main.o
                0x080036a4                Error_Handler
 .text.SystemClock_Config
                0x080036a8       0xe4 Src/main.o
                0x080036a8                SystemClock_Config
 .text.main     0x0800378c       0x1c Src/main.o
                0x0800378c                main
 .text.HAL_MspInit
                0x080037a8       0x60 Src/stm32f7xx_hal_msp.o
                0x080037a8                HAL_MspInit
 .text.SVC_Handler
                0x08003808        0x4 Src/stm32f7xx_it.o
                0x08003808                SVC_Handler
 .text.PendSV_Handler
                0x0800380c        0x4 Src/stm32f7xx_it.o
                0x0800380c                PendSV_Handler
 .text.SysTick_Handler
                0x08003810        0xc Src/stm32f7xx_it.o
                0x08003810                SysTick_Handler
 .text.OTG_FS_IRQHandler
                0x0800381c       0x10 Src/stm32f7xx_it.o
                0x0800381c                OTG_FS_IRQHandler
 .text.SystemInit
                0x0800382c       0x50 Src/system_stm32f7xx.o
                0x0800382c                SystemInit
 .text.USBH_UserProcess
                0x0800387c       0x2c Src/usb_host.o
 .text.process  0x080038a8       0x30 Src/usb_host.o
                0x080038a8                process
 .text.MX_USB_HOST_Init
                0x080038d8       0x2c Src/usb_host.o
                0x080038d8                MX_USB_HOST_Init
 .text.MX_USB_HOST_Process
                0x08003904       0x10 Src/usb_host.o
                0x08003904                MX_USB_HOST_Process
 .text.HAL_HCD_MspInit
                0x08003914       0x84 Src/usbh_conf.o
                0x08003914                HAL_HCD_MspInit
 .text.HAL_HCD_SOF_Callback
                0x08003998        0xc Src/usbh_conf.o
                0x08003998                HAL_HCD_SOF_Callback
 .text.HAL_HCD_Connect_Callback
                0x080039a4        0xc Src/usbh_conf.o
                0x080039a4                HAL_HCD_Connect_Callback
 .text.HAL_HCD_Disconnect_Callback
                0x080039b0        0xc Src/usbh_conf.o
                0x080039b0                HAL_HCD_Disconnect_Callback
 .text.HAL_HCD_HC_NotifyURBChange_Callback
                0x080039bc        0x4 Src/usbh_conf.o
                0x080039bc                HAL_HCD_HC_NotifyURBChange_Callback
 .text.USBH_LL_Init
                0x080039c0       0x54 Src/usbh_conf.o
                0x080039c0                USBH_LL_Init
 .text.USBH_LL_Start
                0x08003a14       0x20 Src/usbh_conf.o
                0x08003a14                USBH_LL_Start
 .text.USBH_LL_Stop
                0x08003a34       0x20 Src/usbh_conf.o
                0x08003a34                USBH_LL_Stop
 .text.USBH_LL_GetSpeed
                0x08003a54       0x20 Src/usbh_conf.o
                0x08003a54                USBH_LL_GetSpeed
 .text.USBH_LL_ResetPort
                0x08003a74       0x20 Src/usbh_conf.o
                0x08003a74                USBH_LL_ResetPort
 .text.USBH_LL_GetLastXferSize
                0x08003a94        0xc Src/usbh_conf.o
                0x08003a94                USBH_LL_GetLastXferSize
 .text.USBH_LL_OpenPipe
                0x08003aa0       0x34 Src/usbh_conf.o
                0x08003aa0                USBH_LL_OpenPipe
 .text.USBH_LL_ClosePipe
                0x08003ad4       0x20 Src/usbh_conf.o
                0x08003ad4                USBH_LL_ClosePipe
 .text.USBH_LL_SubmitURB
                0x08003af4       0x38 Src/usbh_conf.o
                0x08003af4                USBH_LL_SubmitURB
 .text.USBH_LL_GetURBState
                0x08003b2c        0xc Src/usbh_conf.o
                0x08003b2c                USBH_LL_GetURBState
 .text.USBH_LL_DriverVBUS
                0x08003b38       0x30 Src/usbh_conf.o
                0x08003b38                USBH_LL_DriverVBUS
 .text.USBH_LL_SetToggle
                0x08003b68       0x34 Src/usbh_conf.o
                0x08003b68                USBH_LL_SetToggle
 .text.USBH_Delay
                0x08003b9c        0x8 Src/usbh_conf.o
                0x08003b9c                USBH_Delay
 .text.Reset_Handler
                0x08003ba4       0x50 startup/startup_stm32f746xx.o
                0x08003ba4                Reset_Handler
 .text.Default_Handler
                0x08003bf4        0x2 startup/startup_stm32f746xx.o
                0x08003bf4                RTC_Alarm_IRQHandler
                0x08003bf4                EXTI2_IRQHandler
                0x08003bf4                TIM8_CC_IRQHandler
                0x08003bf4                DebugMon_Handler
                0x08003bf4                UART8_IRQHandler
                0x08003bf4                SPI4_IRQHandler
                0x08003bf4                TIM1_CC_IRQHandler
                0x08003bf4                DMA2_Stream5_IRQHandler
                0x08003bf4                HardFault_Handler
                0x08003bf4                DMA1_Stream5_IRQHandler
                0x08003bf4                PVD_IRQHandler
                0x08003bf4                TAMP_STAMP_IRQHandler
                0x08003bf4                NMI_Handler
                0x08003bf4                CAN2_RX1_IRQHandler
                0x08003bf4                EXTI3_IRQHandler
                0x08003bf4                TIM8_TRG_COM_TIM14_IRQHandler
                0x08003bf4                TIM1_UP_TIM10_IRQHandler
                0x08003bf4                TIM8_UP_TIM13_IRQHandler
                0x08003bf4                I2C3_ER_IRQHandler
                0x08003bf4                EXTI0_IRQHandler
                0x08003bf4                I2C2_EV_IRQHandler
                0x08003bf4                DMA1_Stream2_IRQHandler
                0x08003bf4                CAN1_RX0_IRQHandler
                0x08003bf4                FPU_IRQHandler
                0x08003bf4                OTG_HS_WKUP_IRQHandler
                0x08003bf4                UsageFault_Handler
                0x08003bf4                LTDC_ER_IRQHandler
                0x08003bf4                CAN2_SCE_IRQHandler
                0x08003bf4                DMA2_Stream2_IRQHandler
                0x08003bf4                SPI1_IRQHandler
                0x08003bf4                TIM6_DAC_IRQHandler
                0x08003bf4                TIM1_BRK_TIM9_IRQHandler
                0x08003bf4                DCMI_IRQHandler
                0x08003bf4                CAN2_RX0_IRQHandler
                0x08003bf4                DMA2_Stream3_IRQHandler
                0x08003bf4                SAI2_IRQHandler
                0x08003bf4                USART6_IRQHandler
                0x08003bf4                USART3_IRQHandler
                0x08003bf4                CAN1_RX1_IRQHandler
                0x08003bf4                UART5_IRQHandler
                0x08003bf4                DMA2_Stream0_IRQHandler
                0x08003bf4                TIM4_IRQHandler
                0x08003bf4                QUADSPI_IRQHandler
                0x08003bf4                I2C1_EV_IRQHandler
                0x08003bf4                DMA1_Stream6_IRQHandler
                0x08003bf4                DMA1_Stream1_IRQHandler
                0x08003bf4                UART4_IRQHandler
                0x08003bf4                TIM3_IRQHandler
                0x08003bf4                RCC_IRQHandler
                0x08003bf4                TIM8_BRK_TIM12_IRQHandler
                0x08003bf4                Default_Handler
                0x08003bf4                CEC_IRQHandler
                0x08003bf4                EXTI15_10_IRQHandler
                0x08003bf4                ADC_IRQHandler
                0x08003bf4                DMA1_Stream7_IRQHandler
                0x08003bf4                SPI5_IRQHandler
                0x08003bf4                TIM7_IRQHandler
                0x08003bf4                SDMMC1_IRQHandler
                0x08003bf4                CAN2_TX_IRQHandler
                0x08003bf4                TIM5_IRQHandler
                0x08003bf4                DMA2_Stream7_IRQHandler
                0x08003bf4                I2C3_EV_IRQHandler
                0x08003bf4                EXTI9_5_IRQHandler
                0x08003bf4                RTC_WKUP_IRQHandler
                0x08003bf4                LTDC_IRQHandler
                0x08003bf4                ETH_WKUP_IRQHandler
                0x08003bf4                SPDIF_RX_IRQHandler
                0x08003bf4                SPI2_IRQHandler
                0x08003bf4                OTG_HS_EP1_IN_IRQHandler
                0x08003bf4                MemManage_Handler
                0x08003bf4                DMA1_Stream0_IRQHandler
                0x08003bf4                CAN1_TX_IRQHandler
                0x08003bf4                EXTI4_IRQHandler
                0x08003bf4                RNG_IRQHandler
                0x08003bf4                ETH_IRQHandler
                0x08003bf4                OTG_HS_EP1_OUT_IRQHandler
                0x08003bf4                WWDG_IRQHandler
                0x08003bf4                SPI6_IRQHandler
                0x08003bf4                I2C4_EV_IRQHandler
                0x08003bf4                TIM2_IRQHandler
                0x08003bf4                OTG_FS_WKUP_IRQHandler
                0x08003bf4                TIM1_TRG_COM_TIM11_IRQHandler
                0x08003bf4                OTG_HS_IRQHandler
                0x08003bf4                DMA2D_IRQHandler
                0x08003bf4                EXTI1_IRQHandler
                0x08003bf4                UART7_IRQHandler
                0x08003bf4                USART2_IRQHandler
                0x08003bf4                I2C2_ER_IRQHandler
                0x08003bf4                DMA2_Stream1_IRQHandler
                0x08003bf4                CAN1_SCE_IRQHandler
                0x08003bf4                FLASH_IRQHandler
                0x08003bf4                DMA2_Stream4_IRQHandler
                0x08003bf4                BusFault_Handler
                0x08003bf4                USART1_IRQHandler
                0x08003bf4                SPI3_IRQHandler
                0x08003bf4                DMA1_Stream4_IRQHandler
                0x08003bf4                I2C1_ER_IRQHandler
                0x08003bf4                FMC_IRQHandler
                0x08003bf4                LPTIM1_IRQHandler
                0x08003bf4                I2C4_ER_IRQHandler
                0x08003bf4                DMA2_Stream6_IRQHandler
                0x08003bf4                SAI1_IRQHandler
                0x08003bf4                DMA1_Stream3_IRQHandler
 *fill*         0x08003bf6        0x2 
 .text.__libc_init_array
                0x08003bf8       0x4c c:/ac6/systemworkbench/plugins/fr.ac6.mcu.externaltools.arm-none.win32_1.13.2.201703061525/tools/compiler/bin/../lib/gcc/arm-none-eabi/5.4.1/../../../../arm-none-eabi/lib/armv7e-m/fpu/fpv5-sp-d16\libc_nano.a(lib_a-init.o)
                0x08003bf8                __libc_init_array
 .text.malloc   0x08003c44       0x10 c:/ac6/systemworkbench/plugins/fr.ac6.mcu.externaltools.arm-none.win32_1.13.2.201703061525/tools/compiler/bin/../lib/gcc/arm-none-eabi/5.4.1/../../../../arm-none-eabi/lib/armv7e-m/fpu/fpv5-sp-d16\libc_nano.a(lib_a-malloc.o)
                0x08003c44                malloc
 .text.free     0x08003c54       0x10 c:/ac6/systemworkbench/plugins/fr.ac6.mcu.externaltools.arm-none.win32_1.13.2.201703061525/tools/compiler/bin/../lib/gcc/arm-none-eabi/5.4.1/../../../../arm-none-eabi/lib/armv7e-m/fpu/fpv5-sp-d16\libc_nano.a(lib_a-malloc.o)
                0x08003c54                free
 .text.memset   0x08003c64       0x10 c:/ac6/systemworkbench/plugins/fr.ac6.mcu.externaltools.arm-none.win32_1.13.2.201703061525/tools/compiler/bin/../lib/gcc/arm-none-eabi/5.4.1/../../../../arm-none-eabi/lib/armv7e-m/fpu/fpv5-sp-d16\libc_nano.a(lib_a-memset.o)
                0x08003c64                memset
 .text._free_r  0x08003c74       0x9c c:/ac6/systemworkbench/plugins/fr.ac6.mcu.externaltools.arm-none.win32_1.13.2.201703061525/tools/compiler/bin/../lib/gcc/arm-none-eabi/5.4.1/../../../../arm-none-eabi/lib/armv7e-m/fpu/fpv5-sp-d16\libc_nano.a(lib_a-nano-freer.o)
                0x08003c74                _free_r
 .text._malloc_r
                0x08003d10       0xbc c:/ac6/systemworkbench/plugins/fr.ac6.mcu.externaltools.arm-none.win32_1.13.2.201703061525/tools/compiler/bin/../lib/gcc/arm-none-eabi/5.4.1/../../../../arm-none-eabi/lib/armv7e-m/fpu/fpv5-sp-d16\libc_nano.a(lib_a-nano-mallocr.o)
                0x08003d10                _malloc_r
 .text._sbrk_r  0x08003dcc       0x20 c:/ac6/systemworkbench/plugins/fr.ac6.mcu.externaltools.arm-none.win32_1.13.2.201703061525/tools/compiler/bin/../lib/gcc/arm-none-eabi/5.4.1/../../../../arm-none-eabi/lib/armv7e-m/fpu/fpv5-sp-d16\libc_nano.a(lib_a-sbrkr.o)
                0x08003dcc                _sbrk_r
 .text.__malloc_lock
                0x08003dec        0x2 c:/ac6/systemworkbench/plugins/fr.ac6.mcu.externaltools.arm-none.win32_1.13.2.201703061525/tools/compiler/bin/../lib/gcc/arm-none-eabi/5.4.1/../../../../arm-none-eabi/lib/armv7e-m/fpu/fpv5-sp-d16\libc_nano.a(lib_a-mlock.o)
                0x08003dec                __malloc_lock
 .text.__malloc_unlock
                0x08003dee        0x2 c:/ac6/systemworkbench/plugins/fr.ac6.mcu.externaltools.arm-none.win32_1.13.2.201703061525/tools/compiler/bin/../lib/gcc/arm-none-eabi/5.4.1/../../../../arm-none-eabi/lib/armv7e-m/fpu/fpv5-sp-d16\libc_nano.a(lib_a-mlock.o)
                0x08003dee                __malloc_unlock
 .text._sbrk    0x08003df0       0x1c c:/ac6/systemworkbench/plugins/fr.ac6.mcu.externaltools.arm-none.win32_1.13.2.201703061525/tools/compiler/bin/../lib/gcc/arm-none-eabi/5.4.1/../../../../arm-none-eabi/lib/armv7e-m/fpu/fpv5-sp-d16\libnosys.a(sbrk.o)
                0x08003df0                _sbrk
 *(.glue_7)
 .glue_7        0x08003e0c        0x0 linker stubs
 *(.glue_7t)
 .glue_7t       0x08003e0c        0x0 linker stubs
 *(.eh_frame)
 .eh_frame      0x08003e0c        0x0 c:/ac6/systemworkbench/plugins/fr.ac6.mcu.externaltools.arm-none.win32_1.13.2.201703061525/tools/compiler/bin/../lib/gcc/arm-none-eabi/5.4.1/armv7e-m/fpu/fpv5-sp-d16/crtbegin.o
 *(.init)
 .init          0x08003e0c        0x4 c:/ac6/systemworkbench/plugins/fr.ac6.mcu.externaltools.arm-none.win32_1.13.2.201703061525/tools/compiler/bin/../lib/gcc/arm-none-eabi/5.4.1/armv7e-m/fpu/fpv5-sp-d16/crti.o
                0x08003e0c                _init
 .init          0x08003e10        0x8 c:/ac6/systemworkbench/plugins/fr.ac6.mcu.externaltools.arm-none.win32_1.13.2.201703061525/tools/compiler/bin/../lib/gcc/arm-none-eabi/5.4.1/armv7e-m/fpu/fpv5-sp-d16/crtn.o
 *(.fini)
 .fini          0x08003e18        0x4 c:/ac6/systemworkbench/plugins/fr.ac6.mcu.externaltools.arm-none.win32_1.13.2.201703061525/tools/compiler/bin/../lib/gcc/arm-none-eabi/5.4.1/armv7e-m/fpu/fpv5-sp-d16/crti.o
                0x08003e18                _fini
 .fini          0x08003e1c        0x8 c:/ac6/systemworkbench/plugins/fr.ac6.mcu.externaltools.arm-none.win32_1.13.2.201703061525/tools/compiler/bin/../lib/gcc/arm-none-eabi/5.4.1/armv7e-m/fpu/fpv5-sp-d16/crtn.o
                0x08003e24                . = ALIGN (0x4)
                0x08003e24                _etext = .

.vfp11_veneer   0x08003e24        0x0
 .vfp11_veneer  0x08003e24        0x0 linker stubs

.v4_bx          0x08003e24        0x0
 .v4_bx         0x08003e24        0x0 linker stubs

.iplt           0x08003e24        0x0
 .iplt          0x08003e24        0x0 c:/ac6/systemworkbench/plugins/fr.ac6.mcu.externaltools.arm-none.win32_1.13.2.201703061525/tools/compiler/bin/../lib/gcc/arm-none-eabi/5.4.1/armv7e-m/fpu/fpv5-sp-d16/crtbegin.o

.rodata         0x08003e24       0x1c
                0x08003e24                . = ALIGN (0x4)
 *(.rodata)
 .rodata        0x08003e24       0x18 Src/system_stm32f7xx.o
                0x08003e24                AHBPrescTable
                0x08003e34                APBPrescTable
 *(.rodata*)
 .rodata.str1.4
                0x08003e3c        0x4 Middlewares/ST/STM32_USB_Host_Library/Class/CDC/Src/usbh_cdc.o
                0x08003e40                . = ALIGN (0x4)

.rel.dyn        0x08003e40        0x0
 .rel.iplt      0x08003e40        0x0 c:/ac6/systemworkbench/plugins/fr.ac6.mcu.externaltools.arm-none.win32_1.13.2.201703061525/tools/compiler/bin/../lib/gcc/arm-none-eabi/5.4.1/armv7e-m/fpu/fpv5-sp-d16/crtbegin.o

.ARM.extab
 *(.ARM.extab* .gnu.linkonce.armextab.*)

.ARM            0x08003e40        0x0
                0x08003e40                __exidx_start = .
 *(.ARM.exidx*)
                0x08003e40                __exidx_end = .

.preinit_array  0x08003e40        0x0
                0x08003e40                PROVIDE (__preinit_array_start, .)
 *(.preinit_array*)
                0x08003e40                PROVIDE (__preinit_array_end, .)

.init_array     0x08003e40        0x4
                0x08003e40                PROVIDE (__init_array_start, .)
 *(SORT(.init_array.*))
 *(.init_array*)
 .init_array    0x08003e40        0x4 c:/ac6/systemworkbench/plugins/fr.ac6.mcu.externaltools.arm-none.win32_1.13.2.201703061525/tools/compiler/bin/../lib/gcc/arm-none-eabi/5.4.1/armv7e-m/fpu/fpv5-sp-d16/crtbegin.o
                0x08003e44                PROVIDE (__init_array_end, .)

.fini_array     0x08003e44        0x4
                [!provide]                PROVIDE (__fini_array_start, .)
 *(SORT(.fini_array.*))
 *(.fini_array*)
 .fini_array    0x08003e44        0x4 c:/ac6/systemworkbench/plugins/fr.ac6.mcu.externaltools.arm-none.win32_1.13.2.201703061525/tools/compiler/bin/../lib/gcc/arm-none-eabi/5.4.1/armv7e-m/fpu/fpv5-sp-d16/crtbegin.o
                [!provide]                PROVIDE (__fini_array_end, .)
                0x08003e48                _sidata = LOADADDR (.data)

.data           0x20000000       0x88 load address 0x08003e48
                0x20000000                . = ALIGN (0x4)
                0x20000000                _sdata = .
 *(.data)
 .data          0x20000000       0x20 Middlewares/ST/STM32_USB_Host_Library/Class/CDC/Src/usbh_cdc.o
                0x20000000                CDC_Class
 .data          0x20000020        0x4 Src/system_stm32f7xx.o
                0x20000020                SystemCoreClock
 *(.data*)
 .data.impure_data
                0x20000024       0x60 c:/ac6/systemworkbench/plugins/fr.ac6.mcu.externaltools.arm-none.win32_1.13.2.201703061525/tools/compiler/bin/../lib/gcc/arm-none-eabi/5.4.1/../../../../arm-none-eabi/lib/armv7e-m/fpu/fpv5-sp-d16\libc_nano.a(lib_a-impure.o)
 .data._impure_ptr
                0x20000084        0x4 c:/ac6/systemworkbench/plugins/fr.ac6.mcu.externaltools.arm-none.win32_1.13.2.201703061525/tools/compiler/bin/../lib/gcc/arm-none-eabi/5.4.1/../../../../arm-none-eabi/lib/armv7e-m/fpu/fpv5-sp-d16\libc_nano.a(lib_a-impure.o)
                0x20000084                _impure_ptr
                0x20000088                . = ALIGN (0x4)
                0x20000088                _edata = .

.jcr            0x20000088        0x0 load address 0x08003ed0
 .jcr           0x20000088        0x0 c:/ac6/systemworkbench/plugins/fr.ac6.mcu.externaltools.arm-none.win32_1.13.2.201703061525/tools/compiler/bin/../lib/gcc/arm-none-eabi/5.4.1/armv7e-m/fpu/fpv5-sp-d16/crtbegin.o

.igot.plt       0x20000088        0x0 load address 0x08003ed0
 .igot.plt      0x20000088        0x0 c:/ac6/systemworkbench/plugins/fr.ac6.mcu.externaltools.arm-none.win32_1.13.2.201703061525/tools/compiler/bin/../lib/gcc/arm-none-eabi/5.4.1/armv7e-m/fpu/fpv5-sp-d16/crtbegin.o
                0x20000088                . = ALIGN (0x4)

.bss            0x20000088    0x1069c load address 0x08003ed0
                0x20000088                _sbss = .
                0x20000088                __bss_start__ = _sbss
 *(.bss)
 .bss           0x20000088       0x1c c:/ac6/systemworkbench/plugins/fr.ac6.mcu.externaltools.arm-none.win32_1.13.2.201703061525/tools/compiler/bin/../lib/gcc/arm-none-eabi/5.4.1/armv7e-m/fpu/fpv5-sp-d16/crtbegin.o
 .bss           0x200000a4        0x8 Drivers/STM32F7xx_HAL_Driver/Src/stm32f7xx_ll_usb.o
 .bss           0x200000ac        0x1 Src/usb_host.o
                0x200000ac                Appli_state
 *(.bss*)
 *fill*         0x200000ad        0x3 
 .bss.__malloc_sbrk_start
                0x200000b0        0x4 c:/ac6/systemworkbench/plugins/fr.ac6.mcu.externaltools.arm-none.win32_1.13.2.201703061525/tools/compiler/bin/../lib/gcc/arm-none-eabi/5.4.1/../../../../arm-none-eabi/lib/armv7e-m/fpu/fpv5-sp-d16\libc_nano.a(lib_a-nano-mallocr.o)
                0x200000b0                __malloc_sbrk_start
 .bss.__malloc_free_list
                0x200000b4        0x4 c:/ac6/systemworkbench/plugins/fr.ac6.mcu.externaltools.arm-none.win32_1.13.2.201703061525/tools/compiler/bin/../lib/gcc/arm-none-eabi/5.4.1/../../../../arm-none-eabi/lib/armv7e-m/fpu/fpv5-sp-d16\libc_nano.a(lib_a-nano-mallocr.o)
                0x200000b4                __malloc_free_list
 .bss.heap_end.4169
                0x200000b8        0x4 c:/ac6/systemworkbench/plugins/fr.ac6.mcu.externaltools.arm-none.win32_1.13.2.201703061525/tools/compiler/bin/../lib/gcc/arm-none-eabi/5.4.1/../../../../arm-none-eabi/lib/armv7e-m/fpu/fpv5-sp-d16\libnosys.a(sbrk.o)
 *(COMMON)
 COMMON         0x200000bc        0x4 Drivers/STM32F7xx_HAL_Driver/Src/stm32f7xx_hal.o
                0x200000bc                uwTick
 COMMON         0x200000c0    0x103c8 Src/usb_host.o
                0x200000c0                CDC_TX_Buffer
                0x200100c0                hUsbHostFS
 COMMON         0x20010488      0x298 Src/usbh_conf.o
                0x20010488                hhcd_USB_OTG_FS
 COMMON         0x20010720        0x4 c:/ac6/systemworkbench/plugins/fr.ac6.mcu.externaltools.arm-none.win32_1.13.2.201703061525/tools/compiler/bin/../lib/gcc/arm-none-eabi/5.4.1/../../../../arm-none-eabi/lib/armv7e-m/fpu/fpv5-sp-d16\libc_nano.a(lib_a-reent.o)
                0x20010720                errno
                0x20010724                . = ALIGN (0x4)
                0x20010724                _ebss = .
                0x20010724                __bss_end__ = _ebss

._user_heap_stack
                0x20010724      0x604 load address 0x08003ed0
                0x20010728                . = ALIGN (0x8)
 *fill*         0x20010724        0x4 
                0x20010728                PROVIDE (end, .)
                [!provide]                PROVIDE (_end, .)
                0x20010928                . = (. + _Min_Heap_Size)
 *fill*         0x20010728      0x200 
                0x20010d28                . = (. + _Min_Stack_Size)
 *fill*         0x20010928      0x400 
                0x20010d28                . = ALIGN (0x8)

/DISCARD/
 libc.a(*)
 libm.a(*)
 libgcc.a(*)

.ARM.attributes
                0x00000000       0x30
 *(.ARM.attributes)
 .ARM.attributes
                0x00000000       0x22 c:/ac6/systemworkbench/plugins/fr.ac6.mcu.externaltools.arm-none.win32_1.13.2.201703061525/tools/compiler/bin/../lib/gcc/arm-none-eabi/5.4.1/armv7e-m/fpu/fpv5-sp-d16/crti.o
 .ARM.attributes
                0x00000022       0x34 c:/ac6/systemworkbench/plugins/fr.ac6.mcu.externaltools.arm-none.win32_1.13.2.201703061525/tools/compiler/bin/../lib/gcc/arm-none-eabi/5.4.1/armv7e-m/fpu/fpv5-sp-d16/crtbegin.o
 .ARM.attributes
                0x00000056       0x39 Drivers/STM32F7xx_HAL_Driver/Src/stm32f7xx_hal.o
 .ARM.attributes
                0x0000008f       0x39 Drivers/STM32F7xx_HAL_Driver/Src/stm32f7xx_hal_cortex.o
 .ARM.attributes
                0x000000c8       0x39 Drivers/STM32F7xx_HAL_Driver/Src/stm32f7xx_hal_gpio.o
 .ARM.attributes
                0x00000101       0x39 Drivers/STM32F7xx_HAL_Driver/Src/stm32f7xx_hal_hcd.o
 .ARM.attributes
                0x0000013a       0x39 Drivers/STM32F7xx_HAL_Driver/Src/stm32f7xx_hal_rcc.o
 .ARM.attributes
                0x00000173       0x39 Drivers/STM32F7xx_HAL_Driver/Src/stm32f7xx_hal_rcc_ex.o
 .ARM.attributes
                0x000001ac       0x39 Drivers/STM32F7xx_HAL_Driver/Src/stm32f7xx_ll_usb.o
 .ARM.attributes
                0x000001e5       0x39 Middlewares/ST/STM32_USB_Host_Library/Class/CDC/Src/usbh_cdc.o
 .ARM.attributes
                0x0000021e       0x39 Middlewares/ST/STM32_USB_Host_Library/Core/Src/usbh_core.o
 .ARM.attributes
                0x00000257       0x39 Middlewares/ST/STM32_USB_Host_Library/Core/Src/usbh_ctlreq.o
 .ARM.attributes
                0x00000290       0x39 Middlewares/ST/STM32_USB_Host_Library/Core/Src/usbh_ioreq.o
 .ARM.attributes
                0x000002c9       0x39 Middlewares/ST/STM32_USB_Host_Library/Core/Src/usbh_pipes.o
 .ARM.attributes
                0x00000302       0x39 Src/main.o
 .ARM.attributes
                0x0000033b       0x39 Src/stm32f7xx_hal_msp.o
 .ARM.attributes
                0x00000374       0x39 Src/stm32f7xx_it.o
 .ARM.attributes
                0x000003ad       0x39 Src/system_stm32f7xx.o
 .ARM.attributes
                0x000003e6       0x39 Src/usb_host.o
 .ARM.attributes
                0x0000041f       0x39 Src/usbh_conf.o
 .ARM.attributes
                0x00000458       0x21 startup/startup_stm32f746xx.o
 .ARM.attributes
                0x00000479       0x34 c:/ac6/systemworkbench/plugins/fr.ac6.mcu.externaltools.arm-none.win32_1.13.2.201703061525/tools/compiler/bin/../lib/gcc/arm-none-eabi/5.4.1/../../../../arm-none-eabi/lib/armv7e-m/fpu/fpv5-sp-d16\libc_nano.a(lib_a-impure.o)
 .ARM.attributes
                0x000004ad       0x34 c:/ac6/systemworkbench/plugins/fr.ac6.mcu.externaltools.arm-none.win32_1.13.2.201703061525/tools/compiler/bin/../lib/gcc/arm-none-eabi/5.4.1/../../../../arm-none-eabi/lib/armv7e-m/fpu/fpv5-sp-d16\libc_nano.a(lib_a-init.o)
 .ARM.attributes
                0x000004e1       0x34 c:/ac6/systemworkbench/plugins/fr.ac6.mcu.externaltools.arm-none.win32_1.13.2.201703061525/tools/compiler/bin/../lib/gcc/arm-none-eabi/5.4.1/../../../../arm-none-eabi/lib/armv7e-m/fpu/fpv5-sp-d16\libc_nano.a(lib_a-malloc.o)
 .ARM.attributes
                0x00000515       0x34 c:/ac6/systemworkbench/plugins/fr.ac6.mcu.externaltools.arm-none.win32_1.13.2.201703061525/tools/compiler/bin/../lib/gcc/arm-none-eabi/5.4.1/../../../../arm-none-eabi/lib/armv7e-m/fpu/fpv5-sp-d16\libc_nano.a(lib_a-memset.o)
 .ARM.attributes
                0x00000549       0x34 c:/ac6/systemworkbench/plugins/fr.ac6.mcu.externaltools.arm-none.win32_1.13.2.201703061525/tools/compiler/bin/../lib/gcc/arm-none-eabi/5.4.1/../../../../arm-none-eabi/lib/armv7e-m/fpu/fpv5-sp-d16\libc_nano.a(lib_a-nano-freer.o)
 .ARM.attributes
                0x0000057d       0x34 c:/ac6/systemworkbench/plugins/fr.ac6.mcu.externaltools.arm-none.win32_1.13.2.201703061525/tools/compiler/bin/../lib/gcc/arm-none-eabi/5.4.1/../../../../arm-none-eabi/lib/armv7e-m/fpu/fpv5-sp-d16\libc_nano.a(lib_a-nano-mallocr.o)
 .ARM.attributes
                0x000005b1       0x34 c:/ac6/systemworkbench/plugins/fr.ac6.mcu.externaltools.arm-none.win32_1.13.2.201703061525/tools/compiler/bin/../lib/gcc/arm-none-eabi/5.4.1/../../../../arm-none-eabi/lib/armv7e-m/fpu/fpv5-sp-d16\libc_nano.a(lib_a-sbrkr.o)
 .ARM.attributes
                0x000005e5       0x34 c:/ac6/systemworkbench/plugins/fr.ac6.mcu.externaltools.arm-none.win32_1.13.2.201703061525/tools/compiler/bin/../lib/gcc/arm-none-eabi/5.4.1/../../../../arm-none-eabi/lib/armv7e-m/fpu/fpv5-sp-d16\libc_nano.a(lib_a-mlock.o)
 .ARM.attributes
                0x00000619       0x34 c:/ac6/systemworkbench/plugins/fr.ac6.mcu.externaltools.arm-none.win32_1.13.2.201703061525/tools/compiler/bin/../lib/gcc/arm-none-eabi/5.4.1/../../../../arm-none-eabi/lib/armv7e-m/fpu/fpv5-sp-d16\libc_nano.a(lib_a-reent.o)
 .ARM.attributes
                0x0000064d       0x34 c:/ac6/systemworkbench/plugins/fr.ac6.mcu.externaltools.arm-none.win32_1.13.2.201703061525/tools/compiler/bin/../lib/gcc/arm-none-eabi/5.4.1/../../../../arm-none-eabi/lib/armv7e-m/fpu/fpv5-sp-d16\libnosys.a(sbrk.o)
 .ARM.attributes
                0x00000681       0x22 c:/ac6/systemworkbench/plugins/fr.ac6.mcu.externaltools.arm-none.win32_1.13.2.201703061525/tools/compiler/bin/../lib/gcc/arm-none-eabi/5.4.1/armv7e-m/fpu/fpv5-sp-d16/crtn.o
OUTPUT(USB_CDC.elf elf32-littlearm)

.debug_info     0x00000000     0xffed
 .debug_info    0x00000000      0x8f6 Drivers/STM32F7xx_HAL_Driver/Src/stm32f7xx_hal.o
 .debug_info    0x000008f6     0x112f Drivers/STM32F7xx_HAL_Driver/Src/stm32f7xx_hal_cortex.o
 .debug_info    0x00001a25      0x751 Drivers/STM32F7xx_HAL_Driver/Src/stm32f7xx_hal_gpio.o
 .debug_info    0x00002176     0x1199 Drivers/STM32F7xx_HAL_Driver/Src/stm32f7xx_hal_hcd.o
 .debug_info    0x0000330f      0xd23 Drivers/STM32F7xx_HAL_Driver/Src/stm32f7xx_hal_rcc.o
 .debug_info    0x00004032      0xfec Drivers/STM32F7xx_HAL_Driver/Src/stm32f7xx_hal_rcc_ex.o
 .debug_info    0x0000501e     0x1702 Drivers/STM32F7xx_HAL_Driver/Src/stm32f7xx_ll_usb.o
 .debug_info    0x00006720     0x15bc Middlewares/ST/STM32_USB_Host_Library/Class/CDC/Src/usbh_cdc.o
 .debug_info    0x00007cdc     0x1238 Middlewares/ST/STM32_USB_Host_Library/Core/Src/usbh_core.o
 .debug_info    0x00008f14     0x1180 Middlewares/ST/STM32_USB_Host_Library/Core/Src/usbh_ctlreq.o
 .debug_info    0x0000a094      0xddc Middlewares/ST/STM32_USB_Host_Library/Core/Src/usbh_ioreq.o
 .debug_info    0x0000ae70      0xa85 Middlewares/ST/STM32_USB_Host_Library/Core/Src/usbh_pipes.o
 .debug_info    0x0000b8f5      0xdc1 Src/main.o
 .debug_info    0x0000c6b6      0x454 Src/stm32f7xx_hal_msp.o
 .debug_info    0x0000cb0a      0x65b Src/stm32f7xx_it.o
 .debug_info    0x0000d165      0x6e9 Src/system_stm32f7xx.o
 .debug_info    0x0000d84e      0xaa0 Src/usb_host.o
 .debug_info    0x0000e2ee     0x1c90 Src/usbh_conf.o
 .debug_info    0x0000ff7e       0x6f startup/startup_stm32f746xx.o

.debug_abbrev   0x00000000     0x27ee
 .debug_abbrev  0x00000000      0x1d3 Drivers/STM32F7xx_HAL_Driver/Src/stm32f7xx_hal.o
 .debug_abbrev  0x000001d3      0x2fe Drivers/STM32F7xx_HAL_Driver/Src/stm32f7xx_hal_cortex.o
 .debug_abbrev  0x000004d1      0x1cd Drivers/STM32F7xx_HAL_Driver/Src/stm32f7xx_hal_gpio.o
 .debug_abbrev  0x0000069e      0x267 Drivers/STM32F7xx_HAL_Driver/Src/stm32f7xx_hal_hcd.o
 .debug_abbrev  0x00000905      0x276 Drivers/STM32F7xx_HAL_Driver/Src/stm32f7xx_hal_rcc.o
 .debug_abbrev  0x00000b7b      0x21b Drivers/STM32F7xx_HAL_Driver/Src/stm32f7xx_hal_rcc_ex.o
 .debug_abbrev  0x00000d96      0x260 Drivers/STM32F7xx_HAL_Driver/Src/stm32f7xx_ll_usb.o
 .debug_abbrev  0x00000ff6      0x2ed Middlewares/ST/STM32_USB_Host_Library/Class/CDC/Src/usbh_cdc.o
 .debug_abbrev  0x000012e3      0x316 Middlewares/ST/STM32_USB_Host_Library/Core/Src/usbh_core.o
 .debug_abbrev  0x000015f9      0x2db Middlewares/ST/STM32_USB_Host_Library/Core/Src/usbh_ctlreq.o
 .debug_abbrev  0x000018d4      0x20c Middlewares/ST/STM32_USB_Host_Library/Core/Src/usbh_ioreq.o
 .debug_abbrev  0x00001ae0      0x246 Middlewares/ST/STM32_USB_Host_Library/Core/Src/usbh_pipes.o
 .debug_abbrev  0x00001d26      0x1bf Src/main.o
 .debug_abbrev  0x00001ee5       0xc2 Src/stm32f7xx_hal_msp.o
 .debug_abbrev  0x00001fa7      0x18a Src/stm32f7xx_it.o
 .debug_abbrev  0x00002131      0x120 Src/system_stm32f7xx.o
 .debug_abbrev  0x00002251      0x244 Src/usb_host.o
 .debug_abbrev  0x00002495      0x347 Src/usbh_conf.o
 .debug_abbrev  0x000027dc       0x12 startup/startup_stm32f746xx.o

.debug_loc      0x00000000     0x5ab4
 .debug_loc     0x00000000       0x6a Drivers/STM32F7xx_HAL_Driver/Src/stm32f7xx_hal.o
 .debug_loc     0x0000006a      0x53a Drivers/STM32F7xx_HAL_Driver/Src/stm32f7xx_hal_cortex.o
 .debug_loc     0x000005a4      0x38f Drivers/STM32F7xx_HAL_Driver/Src/stm32f7xx_hal_gpio.o
 .debug_loc     0x00000933      0xa06 Drivers/STM32F7xx_HAL_Driver/Src/stm32f7xx_hal_hcd.o
 .debug_loc     0x00001339      0x665 Drivers/STM32F7xx_HAL_Driver/Src/stm32f7xx_hal_rcc.o
 .debug_loc     0x0000199e      0x941 Drivers/STM32F7xx_HAL_Driver/Src/stm32f7xx_hal_rcc_ex.o
 .debug_loc     0x000022df      0xf55 Drivers/STM32F7xx_HAL_Driver/Src/stm32f7xx_ll_usb.o
 .debug_loc     0x00003234      0x651 Middlewares/ST/STM32_USB_Host_Library/Class/CDC/Src/usbh_cdc.o
 .debug_loc     0x00003885      0x76c Middlewares/ST/STM32_USB_Host_Library/Core/Src/usbh_core.o
 .debug_loc     0x00003ff1      0xacf Middlewares/ST/STM32_USB_Host_Library/Core/Src/usbh_ctlreq.o
 .debug_loc     0x00004ac0      0x50f Middlewares/ST/STM32_USB_Host_Library/Core/Src/usbh_ioreq.o
 .debug_loc     0x00004fcf      0x1cc Middlewares/ST/STM32_USB_Host_Library/Core/Src/usbh_pipes.o
 .debug_loc     0x0000519b      0x132 Src/system_stm32f7xx.o
 .debug_loc     0x000052cd      0x7e7 Src/usbh_conf.o

.debug_aranges  0x00000000      0x948
 .debug_aranges
                0x00000000       0xd0 Drivers/STM32F7xx_HAL_Driver/Src/stm32f7xx_hal.o
 .debug_aranges
                0x000000d0       0xa8 Drivers/STM32F7xx_HAL_Driver/Src/stm32f7xx_hal_cortex.o
 .debug_aranges
                0x00000178       0x58 Drivers/STM32F7xx_HAL_Driver/Src/stm32f7xx_hal_gpio.o
 .debug_aranges
                0x000001d0       0xe0 Drivers/STM32F7xx_HAL_Driver/Src/stm32f7xx_hal_hcd.o
 .debug_aranges
                0x000002b0       0x88 Drivers/STM32F7xx_HAL_Driver/Src/stm32f7xx_hal_rcc.o
 .debug_aranges
                0x00000338       0x30 Drivers/STM32F7xx_HAL_Driver/Src/stm32f7xx_hal_rcc_ex.o
 .debug_aranges
                0x00000368      0x180 Drivers/STM32F7xx_HAL_Driver/Src/stm32f7xx_ll_usb.o
 .debug_aranges
                0x000004e8       0xa8 Middlewares/ST/STM32_USB_Host_Library/Class/CDC/Src/usbh_cdc.o
 .debug_aranges
                0x00000590       0xa8 Middlewares/ST/STM32_USB_Host_Library/Core/Src/usbh_core.o
 .debug_aranges
                0x00000638       0x98 Middlewares/ST/STM32_USB_Host_Library/Core/Src/usbh_ctlreq.o
 .debug_aranges
                0x000006d0       0x60 Middlewares/ST/STM32_USB_Host_Library/Core/Src/usbh_ioreq.o
 .debug_aranges
                0x00000730       0x40 Middlewares/ST/STM32_USB_Host_Library/Core/Src/usbh_pipes.o
 .debug_aranges
                0x00000770       0x38 Src/main.o
 .debug_aranges
                0x000007a8       0x20 Src/stm32f7xx_hal_msp.o
 .debug_aranges
                0x000007c8       0x38 Src/stm32f7xx_it.o
 .debug_aranges
                0x00000800       0x28 Src/system_stm32f7xx.o
 .debug_aranges
                0x00000828       0x38 Src/usb_host.o
 .debug_aranges
                0x00000860       0xc0 Src/usbh_conf.o
 .debug_aranges
                0x00000920       0x28 startup/startup_stm32f746xx.o

.debug_ranges   0x00000000      0x820
 .debug_ranges  0x00000000       0xc0 Drivers/STM32F7xx_HAL_Driver/Src/stm32f7xx_hal.o
 .debug_ranges  0x000000c0       0x98 Drivers/STM32F7xx_HAL_Driver/Src/stm32f7xx_hal_cortex.o
 .debug_ranges  0x00000158       0x48 Drivers/STM32F7xx_HAL_Driver/Src/stm32f7xx_hal_gpio.o
 .debug_ranges  0x000001a0       0xd0 Drivers/STM32F7xx_HAL_Driver/Src/stm32f7xx_hal_hcd.o
 .debug_ranges  0x00000270       0x78 Drivers/STM32F7xx_HAL_Driver/Src/stm32f7xx_hal_rcc.o
 .debug_ranges  0x000002e8       0x20 Drivers/STM32F7xx_HAL_Driver/Src/stm32f7xx_hal_rcc_ex.o
 .debug_ranges  0x00000308      0x170 Drivers/STM32F7xx_HAL_Driver/Src/stm32f7xx_ll_usb.o
 .debug_ranges  0x00000478       0x98 Middlewares/ST/STM32_USB_Host_Library/Class/CDC/Src/usbh_cdc.o
 .debug_ranges  0x00000510       0x98 Middlewares/ST/STM32_USB_Host_Library/Core/Src/usbh_core.o
 .debug_ranges  0x000005a8       0x88 Middlewares/ST/STM32_USB_Host_Library/Core/Src/usbh_ctlreq.o
 .debug_ranges  0x00000630       0x50 Middlewares/ST/STM32_USB_Host_Library/Core/Src/usbh_ioreq.o
 .debug_ranges  0x00000680       0x30 Middlewares/ST/STM32_USB_Host_Library/Core/Src/usbh_pipes.o
 .debug_ranges  0x000006b0       0x28 Src/main.o
 .debug_ranges  0x000006d8       0x10 Src/stm32f7xx_hal_msp.o
 .debug_ranges  0x000006e8       0x28 Src/stm32f7xx_it.o
 .debug_ranges  0x00000710       0x18 Src/system_stm32f7xx.o
 .debug_ranges  0x00000728       0x28 Src/usb_host.o
 .debug_ranges  0x00000750       0xb0 Src/usbh_conf.o
 .debug_ranges  0x00000800       0x20 startup/startup_stm32f746xx.o

.debug_macro    0x00000000    0x26390
 .debug_macro   0x00000000      0x336 Drivers/STM32F7xx_HAL_Driver/Src/stm32f7xx_hal.o
 .debug_macro   0x00000336      0x898 Drivers/STM32F7xx_HAL_Driver/Src/stm32f7xx_hal.o
 .debug_macro   0x00000bce      0x179 Drivers/STM32F7xx_HAL_Driver/Src/stm32f7xx_hal.o
 .debug_macro   0x00000d47       0x2e Drivers/STM32F7xx_HAL_Driver/Src/stm32f7xx_hal.o
 .debug_macro   0x00000d75       0x3b Drivers/STM32F7xx_HAL_Driver/Src/stm32f7xx_hal.o
 .debug_macro   0x00000db0       0x22 Drivers/STM32F7xx_HAL_Driver/Src/stm32f7xx_hal.o
 .debug_macro   0x00000dd2       0x87 Drivers/STM32F7xx_HAL_Driver/Src/stm32f7xx_hal.o
 .debug_macro   0x00000e59       0x44 Drivers/STM32F7xx_HAL_Driver/Src/stm32f7xx_hal.o
 .debug_macro   0x00000e9d       0xfd Drivers/STM32F7xx_HAL_Driver/Src/stm32f7xx_hal.o
 .debug_macro   0x00000f9a       0x5e Drivers/STM32F7xx_HAL_Driver/Src/stm32f7xx_hal.o
 .debug_macro   0x00000ff8      0x1df Drivers/STM32F7xx_HAL_Driver/Src/stm32f7xx_hal.o
 .debug_macro   0x000011d7       0x35 Drivers/STM32F7xx_HAL_Driver/Src/stm32f7xx_hal.o
 .debug_macro   0x0000120c       0x50 Drivers/STM32F7xx_HAL_Driver/Src/stm32f7xx_hal.o
 .debug_macro   0x0000125c     0x1114 Drivers/STM32F7xx_HAL_Driver/Src/stm32f7xx_hal.o
 .debug_macro   0x00002370    0x1875c Drivers/STM32F7xx_HAL_Driver/Src/stm32f7xx_hal.o
 .debug_macro   0x0001aacc       0x43 Drivers/STM32F7xx_HAL_Driver/Src/stm32f7xx_hal.o
 .debug_macro   0x0001ab0f     0x35c8 Drivers/STM32F7xx_HAL_Driver/Src/stm32f7xx_hal.o
 .debug_macro   0x0001e0d7       0x52 Drivers/STM32F7xx_HAL_Driver/Src/stm32f7xx_hal.o
 .debug_macro   0x0001e129       0x35 Drivers/STM32F7xx_HAL_Driver/Src/stm32f7xx_hal.o
 .debug_macro   0x0001e15e       0x9c Drivers/STM32F7xx_HAL_Driver/Src/stm32f7xx_hal.o
 .debug_macro   0x0001e1fa       0x16 Drivers/STM32F7xx_HAL_Driver/Src/stm32f7xx_hal.o
 .debug_macro   0x0001e210       0x97 Drivers/STM32F7xx_HAL_Driver/Src/stm32f7xx_hal.o
 .debug_macro   0x0001e2a7      0x30d Drivers/STM32F7xx_HAL_Driver/Src/stm32f7xx_hal.o
 .debug_macro   0x0001e5b4       0xfd Drivers/STM32F7xx_HAL_Driver/Src/stm32f7xx_hal.o
 .debug_macro   0x0001e6b1       0x10 Drivers/STM32F7xx_HAL_Driver/Src/stm32f7xx_hal.o
 .debug_macro   0x0001e6c1       0x52 Drivers/STM32F7xx_HAL_Driver/Src/stm32f7xx_hal.o
 .debug_macro   0x0001e713       0x1f Drivers/STM32F7xx_HAL_Driver/Src/stm32f7xx_hal.o
 .debug_macro   0x0001e732       0x43 Drivers/STM32F7xx_HAL_Driver/Src/stm32f7xx_hal.o
 .debug_macro   0x0001e775       0x20 Drivers/STM32F7xx_HAL_Driver/Src/stm32f7xx_hal.o
 .debug_macro   0x0001e795      0x187 Drivers/STM32F7xx_HAL_Driver/Src/stm32f7xx_hal.o
 .debug_macro   0x0001e91c       0x10 Drivers/STM32F7xx_HAL_Driver/Src/stm32f7xx_hal.o
 .debug_macro   0x0001e92c       0x1c Drivers/STM32F7xx_HAL_Driver/Src/stm32f7xx_hal.o
 .debug_macro   0x0001e948       0x52 Drivers/STM32F7xx_HAL_Driver/Src/stm32f7xx_hal.o
 .debug_macro   0x0001e99a       0x40 Drivers/STM32F7xx_HAL_Driver/Src/stm32f7xx_hal.o
 .debug_macro   0x0001e9da       0x10 Drivers/STM32F7xx_HAL_Driver/Src/stm32f7xx_hal.o
 .debug_macro   0x0001e9ea       0x40 Drivers/STM32F7xx_HAL_Driver/Src/stm32f7xx_hal.o
 .debug_macro   0x0001ea2a       0xd7 Drivers/STM32F7xx_HAL_Driver/Src/stm32f7xx_hal.o
 .debug_macro   0x0001eb01       0x16 Drivers/STM32F7xx_HAL_Driver/Src/stm32f7xx_hal.o
 .debug_macro   0x0001eb17      0x18b Drivers/STM32F7xx_HAL_Driver/Src/stm32f7xx_hal.o
 .debug_macro   0x0001eca2       0x50 Drivers/STM32F7xx_HAL_Driver/Src/stm32f7xx_hal.o
 .debug_macro   0x0001ecf2     0x18ad Drivers/STM32F7xx_HAL_Driver/Src/stm32f7xx_hal.o
 .debug_macro   0x0002059f      0x6a2 Drivers/STM32F7xx_HAL_Driver/Src/stm32f7xx_hal.o
 .debug_macro   0x00020c41      0x11e Drivers/STM32F7xx_HAL_Driver/Src/stm32f7xx_hal.o
 .debug_macro   0x00020d5f      0x204 Drivers/STM32F7xx_HAL_Driver/Src/stm32f7xx_hal.o
 .debug_macro   0x00020f63       0x27 Drivers/STM32F7xx_HAL_Driver/Src/stm32f7xx_hal.o
 .debug_macro   0x00020f8a      0x24f Drivers/STM32F7xx_HAL_Driver/Src/stm32f7xx_hal.o
 .debug_macro   0x000211d9       0x41 Drivers/STM32F7xx_HAL_Driver/Src/stm32f7xx_hal.o
 .debug_macro   0x0002121a       0x58 Drivers/STM32F7xx_HAL_Driver/Src/stm32f7xx_hal.o
 .debug_macro   0x00021272      0x23a Drivers/STM32F7xx_HAL_Driver/Src/stm32f7xx_hal.o
 .debug_macro   0x000214ac      0x156 Drivers/STM32F7xx_HAL_Driver/Src/stm32f7xx_hal.o
 .debug_macro   0x00021602      0x25d Drivers/STM32F7xx_HAL_Driver/Src/stm32f7xx_hal.o
 .debug_macro   0x0002185f       0x12 Drivers/STM32F7xx_HAL_Driver/Src/stm32f7xx_hal.o
 .debug_macro   0x00021871      0x202 Drivers/STM32F7xx_HAL_Driver/Src/stm32f7xx_hal.o
 .debug_macro   0x00021a73       0x5a Drivers/STM32F7xx_HAL_Driver/Src/stm32f7xx_hal.o
 .debug_macro   0x00021acd       0x90 Drivers/STM32F7xx_HAL_Driver/Src/stm32f7xx_hal.o
 .debug_macro   0x00021b5d      0x133 Drivers/STM32F7xx_HAL_Driver/Src/stm32f7xx_hal.o
 .debug_macro   0x00021c90      0x10c Drivers/STM32F7xx_HAL_Driver/Src/stm32f7xx_hal.o
 .debug_macro   0x00021d9c       0x35 Drivers/STM32F7xx_HAL_Driver/Src/stm32f7xx_hal.o
 .debug_macro   0x00021dd1      0x1f4 Drivers/STM32F7xx_HAL_Driver/Src/stm32f7xx_hal.o
 .debug_macro   0x00021fc5       0x6f Drivers/STM32F7xx_HAL_Driver/Src/stm32f7xx_hal.o
 .debug_macro   0x00022034      0x14a Drivers/STM32F7xx_HAL_Driver/Src/stm32f7xx_hal.o
 .debug_macro   0x0002217e      0x312 Drivers/STM32F7xx_HAL_Driver/Src/stm32f7xx_hal_cortex.o
 .debug_macro   0x00022490      0x34a Drivers/STM32F7xx_HAL_Driver/Src/stm32f7xx_hal_gpio.o
 .debug_macro   0x000227da      0x312 Drivers/STM32F7xx_HAL_Driver/Src/stm32f7xx_hal_hcd.o
 .debug_macro   0x00022aec      0x336 Drivers/STM32F7xx_HAL_Driver/Src/stm32f7xx_hal_rcc.o
 .debug_macro   0x00022e22      0x31e Drivers/STM32F7xx_HAL_Driver/Src/stm32f7xx_hal_rcc_ex.o
 .debug_macro   0x00023140      0x312 Drivers/STM32F7xx_HAL_Driver/Src/stm32f7xx_ll_usb.o
 .debug_macro   0x00023452      0x3bd Middlewares/ST/STM32_USB_Host_Library/Class/CDC/Src/usbh_cdc.o
 .debug_macro   0x0002380f       0x4c Middlewares/ST/STM32_USB_Host_Library/Class/CDC/Src/usbh_cdc.o
 .debug_macro   0x0002385b       0x8d Middlewares/ST/STM32_USB_Host_Library/Class/CDC/Src/usbh_cdc.o
 .debug_macro   0x000238e8       0x4a Middlewares/ST/STM32_USB_Host_Library/Class/CDC/Src/usbh_cdc.o
 .debug_macro   0x00023932       0x16 Middlewares/ST/STM32_USB_Host_Library/Class/CDC/Src/usbh_cdc.o
 .debug_macro   0x00023948       0x35 Middlewares/ST/STM32_USB_Host_Library/Class/CDC/Src/usbh_cdc.o
 .debug_macro   0x0002397d       0x16 Middlewares/ST/STM32_USB_Host_Library/Class/CDC/Src/usbh_cdc.o
 .debug_macro   0x00023993       0x29 Middlewares/ST/STM32_USB_Host_Library/Class/CDC/Src/usbh_cdc.o
 .debug_macro   0x000239bc       0x16 Middlewares/ST/STM32_USB_Host_Library/Class/CDC/Src/usbh_cdc.o
 .debug_macro   0x000239d2      0x150 Middlewares/ST/STM32_USB_Host_Library/Class/CDC/Src/usbh_cdc.o
 .debug_macro   0x00023b22       0x72 Middlewares/ST/STM32_USB_Host_Library/Class/CDC/Src/usbh_cdc.o
 .debug_macro   0x00023b94      0x20c Middlewares/ST/STM32_USB_Host_Library/Class/CDC/Src/usbh_cdc.o
 .debug_macro   0x00023da0       0x2e Middlewares/ST/STM32_USB_Host_Library/Class/CDC/Src/usbh_cdc.o
 .debug_macro   0x00023dce       0x28 Middlewares/ST/STM32_USB_Host_Library/Class/CDC/Src/usbh_cdc.o
 .debug_macro   0x00023df6       0x28 Middlewares/ST/STM32_USB_Host_Library/Class/CDC/Src/usbh_cdc.o
 .debug_macro   0x00023e1e      0x160 Middlewares/ST/STM32_USB_Host_Library/Class/CDC/Src/usbh_cdc.o
 .debug_macro   0x00023f7e      0x3ba Middlewares/ST/STM32_USB_Host_Library/Core/Src/usbh_core.o
 .debug_macro   0x00024338      0x3b2 Middlewares/ST/STM32_USB_Host_Library/Core/Src/usbh_ctlreq.o
 .debug_macro   0x000246ea       0x22 Middlewares/ST/STM32_USB_Host_Library/Core/Src/usbh_ctlreq.o
 .debug_macro   0x0002470c      0x3ac Middlewares/ST/STM32_USB_Host_Library/Core/Src/usbh_ioreq.o
 .debug_macro   0x00024ab8      0x3ac Middlewares/ST/STM32_USB_Host_Library/Core/Src/usbh_pipes.o
 .debug_macro   0x00024e64      0x320 Src/main.o
 .debug_macro   0x00025184      0x312 Src/stm32f7xx_hal_msp.o
 .debug_macro   0x00025496      0x31c Src/stm32f7xx_it.o
 .debug_macro   0x000257b2      0x309 Src/system_stm32f7xx.o
 .debug_macro   0x00025abb      0x3c7 Src/usb_host.o
 .debug_macro   0x00025e82      0x166 Src/usb_host.o
 .debug_macro   0x00025fe8      0x3a8 Src/usbh_conf.o

.debug_line     0x00000000     0xaf45
 .debug_line    0x00000000      0x91b Drivers/STM32F7xx_HAL_Driver/Src/stm32f7xx_hal.o
 .debug_line    0x0000091b      0x981 Drivers/STM32F7xx_HAL_Driver/Src/stm32f7xx_hal_cortex.o
 .debug_line    0x0000129c      0x901 Drivers/STM32F7xx_HAL_Driver/Src/stm32f7xx_hal_gpio.o
 .debug_line    0x00001b9d      0xaeb Drivers/STM32F7xx_HAL_Driver/Src/stm32f7xx_hal_hcd.o
 .debug_line    0x00002688      0xab5 Drivers/STM32F7xx_HAL_Driver/Src/stm32f7xx_hal_rcc.o
 .debug_line    0x0000313d      0xb3a Drivers/STM32F7xx_HAL_Driver/Src/stm32f7xx_hal_rcc_ex.o
 .debug_line    0x00003c77      0xd10 Drivers/STM32F7xx_HAL_Driver/Src/stm32f7xx_ll_usb.o
 .debug_line    0x00004987      0xafb Middlewares/ST/STM32_USB_Host_Library/Class/CDC/Src/usbh_cdc.o
 .debug_line    0x00005482      0xb15 Middlewares/ST/STM32_USB_Host_Library/Core/Src/usbh_core.o
 .debug_line    0x00005f97      0xb05 Middlewares/ST/STM32_USB_Host_Library/Core/Src/usbh_ctlreq.o
 .debug_line    0x00006a9c      0x938 Middlewares/ST/STM32_USB_Host_Library/Core/Src/usbh_ioreq.o
 .debug_line    0x000073d4      0x8ee Middlewares/ST/STM32_USB_Host_Library/Core/Src/usbh_pipes.o
 .debug_line    0x00007cc2      0x811 Src/main.o
 .debug_line    0x000084d3      0x77a Src/stm32f7xx_hal_msp.o
 .debug_line    0x00008c4d      0x7b3 Src/stm32f7xx_it.o
 .debug_line    0x00009400      0x789 Src/system_stm32f7xx.o
 .debug_line    0x00009b89      0x914 Src/usb_host.o
 .debug_line    0x0000a49d      0xa29 Src/usbh_conf.o
 .debug_line    0x0000aec6       0x7f startup/startup_stm32f746xx.o

.debug_str      0x00000000    0xdb0a5
 .debug_str     0x00000000    0xd6645 Drivers/STM32F7xx_HAL_Driver/Src/stm32f7xx_hal.o
                              0xd69e6 (size before relaxing)
 .debug_str     0x000d6645      0x47c Drivers/STM32F7xx_HAL_Driver/Src/stm32f7xx_hal_cortex.o
                              0xd6aa8 (size before relaxing)
 .debug_str     0x000d6ac1      0x2c9 Drivers/STM32F7xx_HAL_Driver/Src/stm32f7xx_hal_gpio.o
                              0xd6335 (size before relaxing)
 .debug_str     0x000d6d8a      0x884 Drivers/STM32F7xx_HAL_Driver/Src/stm32f7xx_hal_hcd.o
                              0xd67fc (size before relaxing)
 .debug_str     0x000d760e      0x3cc Drivers/STM32F7xx_HAL_Driver/Src/stm32f7xx_hal_rcc.o
                              0xd64c2 (size before relaxing)
 .debug_str     0x000d79da      0x366 Drivers/STM32F7xx_HAL_Driver/Src/stm32f7xx_hal_rcc_ex.o
                              0xd63e2 (size before relaxing)
 .debug_str     0x000d7d40      0x45b Drivers/STM32F7xx_HAL_Driver/Src/stm32f7xx_ll_usb.o
                              0xd68f3 (size before relaxing)
 .debug_str     0x000d819b     0x269b Middlewares/ST/STM32_USB_Host_Library/Class/CDC/Src/usbh_cdc.o
                              0xd8649 (size before relaxing)
 .debug_str     0x000da836      0x2b3 Middlewares/ST/STM32_USB_Host_Library/Core/Src/usbh_core.o
                              0xd7b3e (size before relaxing)
 .debug_str     0x000daae9      0x1db Middlewares/ST/STM32_USB_Host_Library/Core/Src/usbh_ctlreq.o
                              0xd7b13 (size before relaxing)
 .debug_str     0x000dacc4       0xb2 Middlewares/ST/STM32_USB_Host_Library/Core/Src/usbh_ioreq.o
                              0xd7948 (size before relaxing)
 .debug_str     0x000dad76       0x80 Middlewares/ST/STM32_USB_Host_Library/Core/Src/usbh_pipes.o
                              0xd78de (size before relaxing)
 .debug_str     0x000dadf6       0x90 Src/main.o
                              0xd6b18 (size before relaxing)
 .debug_str     0x000dae86       0x1b Src/stm32f7xx_hal_msp.o
                              0xd64a3 (size before relaxing)
 .debug_str     0x000daea1       0x75 Src/stm32f7xx_it.o
                              0xd639d (size before relaxing)
 .debug_str     0x000daf16       0x5a Src/system_stm32f7xx.o
                              0xd506b (size before relaxing)
 .debug_str     0x000daf70       0xc0 Src/usb_host.o
                              0xd7fed (size before relaxing)
 .debug_str     0x000db030       0x75 Src/usbh_conf.o
                              0xd8836 (size before relaxing)

.comment        0x00000000       0x6e
 .comment       0x00000000       0x6e Drivers/STM32F7xx_HAL_Driver/Src/stm32f7xx_hal.o
                                 0x6f (size before relaxing)
 .comment       0x0000006e       0x6f Drivers/STM32F7xx_HAL_Driver/Src/stm32f7xx_hal_cortex.o
 .comment       0x0000006e       0x6f Drivers/STM32F7xx_HAL_Driver/Src/stm32f7xx_hal_gpio.o
 .comment       0x0000006e       0x6f Drivers/STM32F7xx_HAL_Driver/Src/stm32f7xx_hal_hcd.o
 .comment       0x0000006e       0x6f Drivers/STM32F7xx_HAL_Driver/Src/stm32f7xx_hal_rcc.o
 .comment       0x0000006e       0x6f Drivers/STM32F7xx_HAL_Driver/Src/stm32f7xx_hal_rcc_ex.o
 .comment       0x0000006e       0x6f Drivers/STM32F7xx_HAL_Driver/Src/stm32f7xx_ll_usb.o
 .comment       0x0000006e       0x6f Middlewares/ST/STM32_USB_Host_Library/Class/CDC/Src/usbh_cdc.o
 .comment       0x0000006e       0x6f Middlewares/ST/STM32_USB_Host_Library/Core/Src/usbh_core.o
 .comment       0x0000006e       0x6f Middlewares/ST/STM32_USB_Host_Library/Core/Src/usbh_ctlreq.o
 .comment       0x0000006e       0x6f Middlewares/ST/STM32_USB_Host_Library/Core/Src/usbh_ioreq.o
 .comment       0x0000006e       0x6f Middlewares/ST/STM32_USB_Host_Library/Core/Src/usbh_pipes.o
 .comment       0x0000006e       0x6f Src/main.o
 .comment       0x0000006e       0x6f Src/stm32f7xx_hal_msp.o
 .comment       0x0000006e       0x6f Src/stm32f7xx_it.o
 .comment       0x0000006e       0x6f Src/system_stm32f7xx.o
 .comment       0x0000006e       0x6f Src/usb_host.o
 .comment       0x0000006e       0x6f Src/usbh_conf.o

.debug_frame    0x00000000     0x18e8
 .debug_frame   0x00000000      0x1a8 Drivers/STM32F7xx_HAL_Driver/Src/stm32f7xx_hal.o
 .debug_frame   0x000001a8      0x154 Drivers/STM32F7xx_HAL_Driver/Src/stm32f7xx_hal_cortex.o
 .debug_frame   0x000002fc       0xc4 Drivers/STM32F7xx_HAL_Driver/Src/stm32f7xx_hal_gpio.o
 .debug_frame   0x000003c0      0x284 Drivers/STM32F7xx_HAL_Driver/Src/stm32f7xx_hal_hcd.o
 .debug_frame   0x00000644      0x150 Drivers/STM32F7xx_HAL_Driver/Src/stm32f7xx_hal_rcc.o
 .debug_frame   0x00000794       0x7c Drivers/STM32F7xx_HAL_Driver/Src/stm32f7xx_hal_rcc_ex.o
 .debug_frame   0x00000810      0x454 Drivers/STM32F7xx_HAL_Driver/Src/stm32f7xx_ll_usb.o
 .debug_frame   0x00000c64      0x1b4 Middlewares/ST/STM32_USB_Host_Library/Class/CDC/Src/usbh_cdc.o
 .debug_frame   0x00000e18      0x1c4 Middlewares/ST/STM32_USB_Host_Library/Core/Src/usbh_core.o
 .debug_frame   0x00000fdc      0x1cc Middlewares/ST/STM32_USB_Host_Library/Core/Src/usbh_ctlreq.o
 .debug_frame   0x000011a8      0x130 Middlewares/ST/STM32_USB_Host_Library/Core/Src/usbh_ioreq.o
 .debug_frame   0x000012d8       0x84 Middlewares/ST/STM32_USB_Host_Library/Core/Src/usbh_pipes.o
 .debug_frame   0x0000135c       0x84 Src/main.o
 .debug_frame   0x000013e0       0x28 Src/stm32f7xx_hal_msp.o
 .debug_frame   0x00001408       0x60 Src/stm32f7xx_it.o
 .debug_frame   0x00001468       0x3c Src/system_stm32f7xx.o
 .debug_frame   0x000014a4       0x6c Src/usb_host.o
 .debug_frame   0x00001510      0x220 Src/usbh_conf.o
 .debug_frame   0x00001730       0x2c c:/ac6/systemworkbench/plugins/fr.ac6.mcu.externaltools.arm-none.win32_1.13.2.201703061525/tools/compiler/bin/../lib/gcc/arm-none-eabi/5.4.1/../../../../arm-none-eabi/lib/armv7e-m/fpu/fpv5-sp-d16\libc_nano.a(lib_a-init.o)
 .debug_frame   0x0000175c       0x30 c:/ac6/systemworkbench/plugins/fr.ac6.mcu.externaltools.arm-none.win32_1.13.2.201703061525/tools/compiler/bin/../lib/gcc/arm-none-eabi/5.4.1/../../../../arm-none-eabi/lib/armv7e-m/fpu/fpv5-sp-d16\libc_nano.a(lib_a-malloc.o)
 .debug_frame   0x0000178c       0x20 c:/ac6/systemworkbench/plugins/fr.ac6.mcu.externaltools.arm-none.win32_1.13.2.201703061525/tools/compiler/bin/../lib/gcc/arm-none-eabi/5.4.1/../../../../arm-none-eabi/lib/armv7e-m/fpu/fpv5-sp-d16\libc_nano.a(lib_a-memset.o)
 .debug_frame   0x000017ac       0x38 c:/ac6/systemworkbench/plugins/fr.ac6.mcu.externaltools.arm-none.win32_1.13.2.201703061525/tools/compiler/bin/../lib/gcc/arm-none-eabi/5.4.1/../../../../arm-none-eabi/lib/armv7e-m/fpu/fpv5-sp-d16\libc_nano.a(lib_a-nano-freer.o)
 .debug_frame   0x000017e4       0x2c c:/ac6/systemworkbench/plugins/fr.ac6.mcu.externaltools.arm-none.win32_1.13.2.201703061525/tools/compiler/bin/../lib/gcc/arm-none-eabi/5.4.1/../../../../arm-none-eabi/lib/armv7e-m/fpu/fpv5-sp-d16\libc_nano.a(lib_a-nano-mallocr.o)
 .debug_frame   0x00001810       0x2c c:/ac6/systemworkbench/plugins/fr.ac6.mcu.externaltools.arm-none.win32_1.13.2.201703061525/tools/compiler/bin/../lib/gcc/arm-none-eabi/5.4.1/../../../../arm-none-eabi/lib/armv7e-m/fpu/fpv5-sp-d16\libc_nano.a(lib_a-sbrkr.o)
 .debug_frame   0x0000183c       0x30 c:/ac6/systemworkbench/plugins/fr.ac6.mcu.externaltools.arm-none.win32_1.13.2.201703061525/tools/compiler/bin/../lib/gcc/arm-none-eabi/5.4.1/../../../../arm-none-eabi/lib/armv7e-m/fpu/fpv5-sp-d16\libc_nano.a(lib_a-mlock.o)
 .debug_frame   0x0000186c       0x5c c:/ac6/systemworkbench/plugins/fr.ac6.mcu.externaltools.arm-none.win32_1.13.2.201703061525/tools/compiler/bin/../lib/gcc/arm-none-eabi/5.4.1/../../../../arm-none-eabi/lib/armv7e-m/fpu/fpv5-sp-d16\libc_nano.a(lib_a-reent.o)
 .debug_frame   0x000018c8       0x20 c:/ac6/systemworkbench/plugins/fr.ac6.mcu.externaltools.arm-none.win32_1.13.2.201703061525/tools/compiler/bin/../lib/gcc/arm-none-eabi/5.4.1/../../../../arm-none-eabi/lib/armv7e-m/fpu/fpv5-sp-d16\libnosys.a(sbrk.o)
